I/APP     ( 4580): T 11/01/2013 10:29:04:353 000011f8                  Net| we still have active transfers but no data ready at this moment; waiting...
I/APP     ( 4580): T 11/01/2013 10:29:04:405 000011f8                  Net| Received header: HTTP/1.1 200 OK
I/APP     ( 4580): T 11/01/2013 10:29:04:405 000011f8                  Net| Received header: Server: nginx/1.4.2
I/APP     ( 4580): T 11/01/2013 10:29:04:405 000011f8                  Net| Received header: Date: Fri, 01 Nov 2013 15:18:05 GMT
I/APP     ( 4580): T 11/01/2013 10:29:04:405 000011f8                  Net| Received header: Content-Type: application/json;charset=utf-8
I/APP     ( 4580): T 11/01/2013 10:29:04:405 000011f8                  Net| Received header: Content-Length: 83
I/APP     ( 4580): T 11/01/2013 10:29:04:406 000011f8                  Net| Received header: Connection: keep-alive
I/APP     ( 4580): T 11/01/2013 10:29:04:406 000011f8                  Net| Received header: Cache-Control: no-cache
I/APP     ( 4580): T 11/01/2013 10:29:04:406 000011f8                  Net| Received header: pragma: no-cache
I/APP     ( 4580): T 11/01/2013 10:29:04:406 000011f8                  Net| Received header: X-Rhoconnect-PAGE-OBJECT-COUNT: 0
I/APP     ( 4580): T 11/01/2013 10:29:04:406 000011f8                  Net| Received header: Set-Cookie: rhoconnect_session=BAh7CEkiD3Nlc3Npb25faWQGOgZFRiJFMmRkNjVkNTI0MzI1M2Q1NTQ3ZWFl%0AZjkyZDg3Y2E5ODJjNDZiMDg2NWZmMWUzNWU2YzZhZjFhZjNhNjQ5ZjU1Ykki%0ACmxvZ2luBjsARkkiCHh4eAY7AFRJIg1hcHBfbmFtZQY7AEZJIhBhcHBsaWNh%0AdGlvbgY7AEY%3D%0A--050ca9d29bec70fe5619f09f210cfe6bec26e40e; path=/; expires=Sat, 01 Nov 2014 15:18:05 -0000; HttpOnly
I/APP     ( 4580): T 11/01/2013 10:29:04:406 000011f8                  Net| Received header: X-Content-Type-Options: nosniff
I/APP     ( 4580): T 11/01/2013 10:29:04:406 000011f8                  Net| Received header: 
I/APP     ( 4580): T 11/01/2013 10:29:04:406 000011f8                  Net| Received 83 bytes
I/APP     ( 4580): T 11/01/2013 10:29:04:406 000011f8                  Net| Operation completed successfully with result 0: No error
I/APP     ( 4580): T 11/01/2013 10:29:04:406 000011f8                  Net| Deactivate CURLNetRequest: METHOD = [GET] URL = [http://54.227.245.158/app/v1/ReportItem?p_size=2000&version=3] BODY = []
I/APP     ( 4580): T 11/01/2013 10:29:04:407 000011f8                  Net|      Deactivation is DONE
I/APP     ( 4580): T 11/01/2013 10:29:04:407 000011f8                  Net| CURLNetRequest::doPull - Status code: 200, response size: 83
I/APP     ( 4580): T 11/01/2013 10:29:04:407 000011f8                  Net| RESPONSE----- (83 bytes)
I/APP     ( 4580): T 11/01/2013 10:29:04:407 000011f8                  Net| [{"version":3},{"token":""},{"count":0},{"progress_count":0},{"total_count":57},{}]
I/APP     ( 4580): T 11/01/2013 10:29:04:407 000011f8                  Net| END RESPONSE-----
I/APP     ( 4580): T 11/01/2013 10:29:04:407 000011f8                  Net| CURLNetRequest::getResponseCode - Status code: 200
I/APP     ( 4580): T 11/01/2013 10:29:04:407 000011f8                  Net| CURLNetRequest::makeResponse - nErrorCode: 200
I/APP     ( 4580): I 11/01/2013 10:29:04:424 000011f8                 Sync| Got 0(Processed: 0) records of 57 from server. Source: ReportItem. Version: 3
I/APP     ( 4580): I 11/01/2013 10:29:04:463 000011f8                 Sync| ThreadQueue blocked for 30 seconds...
W/KeyCharacterMap( 4580): No keyboard for id 0
W/KeyCharacterMap( 4580): Using default keymap: /system/usr/keychars/omap-keypad.kcm.bin
I/APP     ( 4580): T 11/01/2013 10:29:19:578 000011e4       RhodesActivity| onCreateOptionsMenu
I/APP     ( 4580): T 11/01/2013 10:29:19:578 000011e4       RhodesActivity| onPrepareOptionsMenu
I/APP     ( 4580): T 11/01/2013 10:29:19:578 000011e4                 Menu| enumerateMenu
I/APP     ( 4580): T 11/01/2013 10:29:19:578 000011e4                 Menu| Enumearting new menu...
I/APP     ( 4580): T 11/01/2013 10:29:19:579 000011e4                 Menu| Menu size: 4
I/APP     ( 4580): T 11/01/2013 10:29:19:579 000011e4                 Menu| Item: Rhom
I/APP     ( 4580): T 11/01/2013 10:29:19:580 000011e4                 Menu| Item: Ember
I/APP     ( 4580): T 11/01/2013 10:29:19:580 000011e4                 Menu| Item: Refresh
I/APP     ( 4580): T 11/01/2013 10:29:19:580 000011e4                 Menu| Item: Exit
I/APP     ( 4580): T 11/01/2013 10:29:20:794 000011e4    RhodesApplication| Current UiState : MainActivityStarted
I/APP     ( 4580): T 11/01/2013 10:29:20:794 000011e4    RhodesApplication| Running UiState handler immediately: MainActivityCreated
I/APP     ( 4580): I 11/01/2013 10:29:20:795 000011e4        RhodesService| Exit application
I/APP     ( 4580): T 11/01/2013 10:29:20:795 000011e4   MainActivityPaused| Starting commit. Current UiState: MainActivityStarted
I/APP     ( 4580): T 11/01/2013 10:29:20:795 000011e4   MainActivityPaused| Handlers gone: 0
I/APP     ( 4580): T 11/01/2013 10:29:20:795 000011e4   MainActivityPaused| Commit observers
I/APP     ( 4580): T 11/01/2013 10:29:20:795 000011e4   MainActivityPaused| After UiState commit: MainActivityPaused
I/APP     ( 4580): T 11/01/2013 10:29:20:795 000011e4    RhodesApplication| callUiDestroyedCallback
I/APP     ( 4580): T 11/01/2013 10:29:20:796 000011e4                  Net|    Activate CURLNetRequest: METHOD = [GET] URL = [http://localhost:51017/system/uidestroyed] BODY = []
I/APP     ( 4580): T 11/01/2013 10:29:20:796 000011e4                 Curl| Curl_resolv host: cache_id: localhost:51017
I/APP     ( 4580): T 11/01/2013 10:29:20:797 000011f3           HttpServer| Connection accepted, process it...
I/APP     ( 4580): T 11/01/2013 10:29:20:797 000011f3           HttpServer| Receiving request...
I/APP     ( 4580): T 11/01/2013 10:29:20:797 000011f3           HttpServer| Read portion of data from socket...
I/APP     ( 4580): T 11/01/2013 10:29:20:797 000011f3           HttpServer| RECV ERROR: 11
I/APP     ( 4580): T 11/01/2013 10:29:20:797 000011e4                 Curl| Curl_http_connect, host localhost
I/APP     ( 4580): T 11/01/2013 10:29:20:798 000011f3           HttpServer| Read portion of data from socket...
I/APP     ( 4580): T 11/01/2013 10:29:20:798 000011f3           HttpServer| Actually read 128 bytes
I/APP     ( 4580): T 11/01/2013 10:29:20:798 000011f3           HttpServer| Read portion of data from socket...
I/APP     ( 4580): T 11/01/2013 10:29:20:798 000011f3           HttpServer| RECV ERROR: 11
I/APP     ( 4580): T 11/01/2013 10:29:20:798 000011f3           HttpServer| Received request:
I/APP     ( 4580): GET /system/uidestroyed HTTP/1.1
I/APP     ( 4580): Host: localhost:51017
I/APP     ( 4580): Accept: */*
I/APP     ( 4580): Accept-Encoding: deflate, gzip
I/APP     ( 4580): Connection: Keep-Alive
I/APP     ( 4580): 
I/APP     ( 4580): 0+
I/APP     ( 4580): I 11/01/2013 10:29:20:798 000011f3           HttpServer| Process URI: '/system/uidestroyed'
I/APP     ( 4580): T 11/01/2013 10:29:20:798 000011f3           HttpServer| Decide what to do with uri /system/uidestroyed
I/APP     ( 4580): T 11/01/2013 10:29:20:798 000011f3           HttpServer| Uri /system/uidestroyed is registered callback, so handle it appropriately
I/APP     ( 4580): I 11/01/2013 10:29:20:798 000011f3                  APP| AppEvent UIDestroyed
I/APP     ( 4580): T 11/01/2013 10:29:20:799 000011f3           HttpServer| Sending response...
I/APP     ( 4580): T 11/01/2013 10:29:20:799 000011f3           HttpServer| Sent response (only headers displayed):
I/APP     ( 4580): HTTP/1.1 200 OK
I/APP     ( 4580): Host: 127.0.0.1:51017
I/APP     ( 4580): Connection: close
I/APP     ( 4580): Content-Length: 0
I/APP     ( 4580): Pragma: no-cache
I/APP     ( 4580): Cache-Control: no-cache
I/APP     ( 4580): Expires: 0
I/APP     ( 4580): Date: Fri, 01 Nov 2013 10:29:20 GMT
I/APP     ( 4580): Last-Modified: Fri, 01 Nov 2013 10:29:20 GMT
I/APP     ( 4580): Etag: "52738280.0"
I/APP     ( 4580): 
I/APP     ( 4580): T 11/01/2013 10:29:20:799 000011f3           HttpServer| Close connected socket
I/APP     ( 4580): T 11/01/2013 10:29:20:799 000011f3           HttpServer| Waiting for connections...
I/APP     ( 4580): T 11/01/2013 10:29:20:800 000011e4                  Net| Operation completed successfully with result 0: No error
I/APP     ( 4580): T 11/01/2013 10:29:20:800 000011e4                  Net| Deactivate CURLNetRequest: METHOD = [GET] URL = [http://localhost:51017/system/uidestroyed] BODY = []
I/APP     ( 4580): T 11/01/2013 10:29:20:800 000011e4                  Net|      Deactivation is DONE
I/APP     ( 4580): T 11/01/2013 10:29:20:800 000011e4                  Net| CURLNetRequest::doPull - Status code: 200, response size: 0
I/APP     ( 4580): T 11/01/2013 10:29:20:800 000011e4                  Net| RESPONSE----- (0 bytes)
I/APP     ( 4580): T 11/01/2013 10:29:20:800 000011e4                  Net| 
I/APP     ( 4580): T 11/01/2013 10:29:20:800 000011e4                  Net| END RESPONSE-----
I/APP     ( 4580): T 11/01/2013 10:29:20:801 000011e4                  Net| CURLNetRequest::getResponseCode - Status code: 200
I/APP     ( 4580): T 11/01/2013 10:29:20:801 000011e4                  Net| CURLNetRequest::makeResponse - nErrorCode: 200
I/APP     ( 4580): T 11/01/2013 10:29:20:801 000011e4         AppActivated| Handlers have completed: 1
I/APP     ( 4580): I 11/01/2013 10:29:20:801 000011e4    RhodesApplication| New UiState: MainActivityPaused
I/APP     ( 4580): T 11/01/2013 10:29:20:802 000011e4        RhodesService| stop RhodesService
I/APP     ( 4580): T 11/01/2013 10:29:20:803 000011e4        RhodesService| stop RhodesApplication
I/APP     ( 4580): T 11/01/2013 10:29:20:803 000011e4    RhodesApplication| Stopping application
W/InputManagerService( 1665): Window already focused, ignoring focus gain of: com.android.internal.view.IInputMethodClient$Stub$Proxy@4067ffc0
I/APP     ( 4580): T 11/01/2013 10:29:21:303 000011e4    RhodesApplication| do stopRhodesApp
I/APP     ( 4580): I 11/01/2013 10:29:21:304 000011f0         AppCallbacks| Thread shutdown
I/APP     ( 4580): T 11/01/2013 10:29:21:304 000011f0            RhodesApp| Thread ended - env: 0x00499a38 ===================================================
I/APP     ( 4580): I 11/01/2013 10:29:21:304 000011e4           HttpServer| Stopping server...
I/APP     ( 4580): T 11/01/2013 10:29:21:304 000011f3           HttpServer| Stop HTTP server
I/APP     ( 4580): I 11/01/2013 10:29:21:305 000011f3            RhodesApp| RhodesApp thread shutdown
I/APP     ( 4580): I 11/01/2013 10:29:21:305 000011f3          GeoLocation| Destroying singleton instance.
I/APP     ( 4580): I 11/01/2013 10:29:21:305 000011f3                 Sync| Stopping Sync thread
I/APP     ( 4580): I 11/01/2013 10:29:21:305 000011f8                 Sync| Thread shutdown
I/APP     ( 4580): T 11/01/2013 10:29:21:305 000011f8            RhodesApp| Thread ended - env: 0x0093b8c0 ===================================================
I/APP     ( 4580): T 11/01/2013 10:29:21:306 000011e4           HttpServer| Stopping server: command sent
I/APP     ( 4580): T 11/01/2013 10:29:21:327 000011f3            RhodesApp| Thread ended - env: 0x004d6588 ===================================================
I/APP     ( 4580): T 11/01/2013 10:29:21:327 000011e4     fileapi.cpp:1721| New FS mode: 0
I/APP     ( 4580): T 11/01/2013 10:29:21:327 000011e4    RhodesApplication| do RhodesActivity.finish()
I/APP     ( 4580): T 11/01/2013 10:29:21:329 000011e4    RhodesApplication| send quit signal
I/Process ( 4580): Sending signal. PID: 4580 SIG: 3
I/dalvikvm( 4580): threadid=4: reacting to signal 3
I/dalvikvm( 4580): Wrote stack traces to '/data/anr/traces.txt'
D/RhoElements( 4580): <1> Logger stopped
I/APP     ( 4580): T 11/01/2013 10:29:21:357 000011e4       RhodesActivity| onPause
I/APP     ( 4580): T 11/01/2013 10:29:21:357 000011e4   MainActivityPaused| Starting commit. Current UiState: MainActivityPaused
I/APP     ( 4580): T 11/01/2013 10:29:21:358 000011e4   MainActivityPaused| After UiState commit: MainActivityPaused
I/APP     ( 4580): T 11/01/2013 10:29:21:358 000011e4         AppActivated| Handlers have completed: 0
I/APP     ( 4580): I 11/01/2013 10:29:21:358 000011e4    RhodesApplication| New UiState: MainActivityPaused
V/InputMethodService( 1754): CALL: onStartInput
W/IInputConnectionWrapper( 4580): showStatusIcon on inactive InputConnection
I/APP     ( 4580): T 11/01/2013 10:29:21:428 000011e4       AppDeactivated| Starting commit. Current AppState: AppActivated
I/APP     ( 4580): T 11/01/2013 10:29:21:429 000011e4       AppDeactivated| Commiting AppState handlers.
I/APP     ( 4580): T 11/01/2013 10:29:21:429 000011e4       AppDeactivated| Handlers gone: 0
I/APP     ( 4580): T 11/01/2013 10:29:21:429 000011e4       AppDeactivated| Commit observers
I/APP     ( 4580): T 11/01/2013 10:29:21:429 000011e4       AppDeactivated| After AppState commit: AppDeactivated
I/APP     ( 4580): T 11/01/2013 10:29:21:429 000011e4    RhoExtManagerImpl| onAppActivate: false
I/APP     ( 4580): T 11/01/2013 10:29:21:430 000011e4    RhoExtManagerImpl| onAppActivate: RhoElementsExt
I/APP     ( 4580): T 11/01/2013 10:29:21:430 000011e4    RhoExtManagerImpl| onAppActivate: LicenseNativeExtension
I/APP     ( 4580): T 11/01/2013 10:29:21:430 000011e4       AppDeactivated| Handlers have completed: 1
I/APP     ( 4580): I 11/01/2013 10:29:21:430 000011e4    RhodesApplication| New AppState: AppDeactivated
I/APP     ( 4580): I 11/01/2013 10:29:21:430 000011e4        RhodesService| activityStopped() temporary release wakeLock object
I/APP     ( 4580): T 11/01/2013 10:29:21:430 000011e4          GeoLocation| isAvailable...
I/APP     ( 4580): T 11/01/2013 10:29:21:431 000011e4          GeoLocation| Geo location service is not available
I/APP     ( 4580): T 11/01/2013 10:29:21:431 000011e4       RhodesActivity| onStop
I/APP     ( 4580): T 11/01/2013 10:29:21:431 000011e4       RhodesActivity| onDestroy
I/APP     ( 4580): T 11/01/2013 10:29:21:432 000011e4            Undefined| Starting commit. Current UiState: MainActivityPaused
I/APP     ( 4580): T 11/01/2013 10:29:21:432 000011e4            Undefined| Handlers gone: 0
I/APP     ( 4580): T 11/01/2013 10:29:21:433 000011e4            Undefined| Commit observers
I/APP     ( 4580): T 11/01/2013 10:29:21:433 000011e4            Undefined| After UiState commit: Undefined
I/APP     ( 4580): T 11/01/2013 10:29:21:433 000011e4       AppDeactivated| Handlers have completed: 0
I/APP     ( 4580): I 11/01/2013 10:29:21:433 000011e4    RhodesApplication| New UiState: Undefined
I/APP     ( 4580): T 11/01/2013 10:29:21:443 000011e4    RhodesApplication| Stopping application
E/ActivityThread( 4580): Service com.rhomobile.rhodes.RhodesService has leaked IntentReceiver com.rhomobile.rhodes.ConnectionChangeReceiver@405c2660 that was originally registered here. Are you missing a call to unregisterReceiver()?
E/ActivityThread( 4580): android.app.IntentReceiverLeaked: Service com.rhomobile.rhodes.RhodesService has leaked IntentReceiver com.rhomobile.rhodes.ConnectionChangeReceiver@405c2660 that was originally registered here. Are you missing a call to unregisterReceiver()?
E/ActivityThread( 4580): 	at android.app.LoadedApk$ReceiverDispatcher.<init>(LoadedApk.java:756)
E/ActivityThread( 4580): 	at android.app.LoadedApk.getReceiverDispatcher(LoadedApk.java:551)
E/ActivityThread( 4580): 	at android.app.ContextImpl.registerReceiverInternal(ContextImpl.java:807)
E/ActivityThread( 4580): 	at android.app.ContextImpl.registerReceiver(ContextImpl.java:794)
E/ActivityThread( 4580): 	at android.app.ContextImpl.registerReceiver(ContextImpl.java:788)
E/ActivityThread( 4580): 	at android.content.ContextWrapper.registerReceiver(ContextWrapper.java:318)
E/ActivityThread( 4580): 	at com.rhomobile.rhodes.RhodesService.onCreate(RhodesService.java:340)
E/ActivityThread( 4580): 	at android.app.ActivityThread.handleCreateService(ActivityThread.java:1945)
E/ActivityThread( 4580): 	at android.app.ActivityThread.access$2500(ActivityThread.java:117)
E/ActivityThread( 4580): 	at android.app.ActivityThread$H.handleMessage(ActivityThread.java:985)
E/ActivityThread( 4580): 	at android.os.Handler.dispatchMessage(Handler.java:99)
E/ActivityThread( 4580): 	at android.os.Looper.loop(Looper.java:130)
E/ActivityThread( 4580): 	at android.app.ActivityThread.main(ActivityThread.java:3683)
E/ActivityThread( 4580): 	at java.lang.reflect.Method.invokeNative(Native Method)
E/ActivityThread( 4580): 	at java.lang.reflect.Method.invoke(Method.java:507)
E/ActivityThread( 4580): 	at com.android.internal.os.ZygoteInit$MethodAndArgsCaller.run(ZygoteInit.java:839)
E/ActivityThread( 4580): 	at com.android.internal.os.ZygoteInit.main(ZygoteInit.java:597)
E/ActivityThread( 4580): 	at dalvik.system.NativeStart.main(Native Method)
I/APP     ( 4580): T 11/01/2013 10:29:21:830 000011e4    RhodesApplication| send kill signal
I/Process ( 4580): Sending signal. PID: 4580 SIG: 9
I/ActivityManager( 1665): Process com.rhomobile.rhospection (pid 4580) has died.
D/dalvikvm( 1665): GC_CONCURRENT freed 1150K, 47% free 5095K/9479K, external 3125K/3903K, paused 6ms+11ms
D/dalvikvm( 1745): GC_CONCURRENT freed 791K, 54% free 2983K/6407K, external 2473K/3081K, paused 2ms+3ms
D/AndroidRuntime( 4908): 
D/AndroidRuntime( 4908): >>>>>> AndroidRuntime START com.android.internal.os.RuntimeInit <<<<<<
D/AndroidRuntime( 4908): CheckJNI is OFF
D/dalvikvm( 4908): creating instr width table
D/AndroidRuntime( 4908): Calling main entry com.android.commands.pm.Pm
D/dalvikvm( 2135): GC_EXPLICIT freed 5K, 50% free 2729K/5379K, external 1625K/2137K, paused 25ms
W/ActivityManager( 1665): No content provider found for: 
D/PackageParser( 1665): Scanning package: /data/app/vmdl-2110192457.tmp
W/ActivityManager( 1665): No content provider found for: 
W/PackageParser( 1665): Unknown element under <manifest>: uses-library at /data/app/vmdl-2110192457.tmp Binary XML file line #76
D/dalvikvm( 1665): GC_CONCURRENT freed 1094K, 44% free 5382K/9479K, external 3125K/3903K, paused 3ms+6ms
D/dalvikvm( 1665): GC_FOR_MALLOC freed 932K, 42% free 5524K/9479K, external 3125K/3903K, paused 48ms
D/dalvikvm( 1665): GC_FOR_MALLOC freed 807K, 42% free 5532K/9479K, external 3125K/3903K, paused 47ms
D/dalvikvm( 1665): GC_FOR_MALLOC freed 807K, 42% free 5535K/9479K, external 3125K/3903K, paused 47ms
D/dalvikvm( 1665): GC_FOR_MALLOC freed 805K, 42% free 5541K/9479K, external 3125K/3903K, paused 47ms
I/PackageManager( 1665): Removing non-system package:com.rhomobile.rhospection
I/ActivityManager( 1665): Force stopping package com.rhomobile.rhospection uid=10066
D/PackageManager( 1665): Scanning package com.rhomobile.rhospection
W/PackageManager( 1665): Package com.rhomobile.rhospection desires unavailable shared library com.motorolasolutions.adc.usbscanner; ignoring!
I/PackageManager( 1665): Package com.rhomobile.rhospection codePath changed from /data/app/com.rhomobile.rhospection-1.apk to /data/app/com.rhomobile.rhospection-2.apk; Retaining data and using new
I/PackageManager( 1665): Unpacking native libraries for /data/app/com.rhomobile.rhospection-2.apk
D/installd( 1583): DexInv: --- BEGIN '/data/app/com.rhomobile.rhospection-2.apk' ---
D/dalvikvm( 4918): creating instr width table
D/dalvikvm( 4918): DexOpt: load 88ms, verify+opt 757ms
D/installd( 1583): DexInv: --- END '/data/app/com.rhomobile.rhospection-2.apk' (success) ---
I/ActivityManager( 1665): Force stopping package com.rhomobile.rhospection uid=10066
D/PackageManager( 1665): Registered content provider: com.rhomobile.rhospection, className = com.rhomobile.rhodes.LocalFileProvider, isSyncable = false
D/PackageManager( 1665):   Providers: com.rhomobile.rhodes.LocalFileProvider
D/PackageManager( 1665):   Services: com.rhomobile.rhodes.RhodesService com.motorolasolutions.rho.cardreader.services.MSRService com.motorolasolutions.rhoelements.services.FileTransferService com.motorolasolutions.rhoelements.services.ScannerService com.motorolasolutions.rhoelements.services.LockService com.motorolasolutions.rhoelements.services.MSRService com.motorolasolutions.rhoelements.services.PluginService
D/PackageManager( 1665):   Activities: com.rhomobile.rhodes.RhodesActivity com.rhomobile.rhodes.alert.PopupActivity com.rhomobile.rhodes.ui.FileList com.rhomobile.rhodes.camera.ImageCapture com.rhomobile.rhodes.signature.ImageCapture com.rhomobile.rhodes.datetime.DateTimePickerScreen com.rhomobile.rhodes.mapview.MapView com.rhomobile.rhodes.bluetooth.RhoBluetoothDeviceListActivity com.google.zxing.client.android.CaptureActivity com.motorolasolutions.rho.notification.PopupActivity
W/PackageManager( 1665): Code path for pkg : com.rhomobile.rhospection changing from /data/app/com.rhomobile.rhospection-1.apk to /data/app/com.rhomobile.rhospection-2.apk
W/PackageManager( 1665): Resource path for pkg : com.rhomobile.rhospection changing from /data/app/com.rhomobile.rhospection-1.apk to /data/app/com.rhomobile.rhospection-2.apk
D/dalvikvm( 1665): GC_FOR_MALLOC freed 1080K, 40% free 5691K/9479K, external 3125K/3903K, paused 51ms
I/installd( 1583): move /data/dalvik-cache/data@app@com.rhomobile.rhospection-2.apk@classes.dex -> /data/dalvik-cache/data@app@com.rhomobile.rhospection-2.apk@classes.dex
D/PackageManager( 1665): New package installed in /data/app/com.rhomobile.rhospection-2.apk
W/PackageManager( 1665): Unknown permission android.webkit.permission.PLUGIN in package com.rhomobile.rhospection
W/PackageManager( 1665): Unknown permission android.permission.ACCESS_GPS in package com.rhomobile.rhospection
W/PackageManager( 1665): Unknown permission android.permission.ACCESS_LOCATION in package com.rhomobile.rhospection
W/PackageManager( 1665): Not granting permission android.permission.MODIFY_PHONE_STATE to package com.rhomobile.rhospection (protectionLevel=3 flags=0x8be44)
I/ActivityManager( 1665): Force stopping package com.rhomobile.rhospection uid=10066
D/dalvikvm( 1665): GC_EXPLICIT freed 895K, 47% free 5028K/9479K, external 3125K/3903K, paused 63ms
W/ResourceType( 1665): Failure getting entry for 0x7f060000 (t=5 e=0) in package 0 (error -75)
I/installd( 1583): unlink /data/dalvik-cache/data@app@com.rhomobile.rhospection-1.apk@classes.dex
D/AndroidRuntime( 4908): Shutting down VM
W/RecognitionManagerService( 1665): no available voice recognition services found
D/dalvikvm( 4908): GC_CONCURRENT freed 101K, 71% free 299K/1024K, external 0K/0K, paused 0ms+0ms
D/jdwp    ( 4908): adbd disconnected
D/AndroidRuntime( 4925): 
D/AndroidRuntime( 4925): >>>>>> AndroidRuntime START com.android.internal.os.RuntimeInit <<<<<<
D/AndroidRuntime( 4925): CheckJNI is OFF
D/dalvikvm( 4925): creating instr width table
D/AndroidRuntime( 4925): Calling main entry com.android.commands.am.Am
I/ActivityManager( 1665): Starting: Intent { act=android.intent.action.MAIN flg=0x10000000 cmp=com.rhomobile.rhospection/com.rhomobile.rhodes.RhodesActivity } from pid 4925
D/AndroidRuntime( 4925): Shutting down VM
I/AndroidRuntime( 4925): NOTE: attach of thread 'Binder Thread #3' failed
D/dalvikvm( 4925): GC_CONCURRENT freed 101K, 69% free 323K/1024K, external 0K/0K, paused 1ms+0ms
D/jdwp    ( 4925): adbd disconnected
I/ActivityManager( 1665): Start proc com.rhomobile.rhospection for activity com.rhomobile.rhospection/com.rhomobile.rhodes.RhodesActivity: pid=4934 uid=10066 gids={3003, 1006, 1015, 3002, 3001}
D/dalvikvm( 4934): Trying to load lib /data/data/com.rhomobile.rhospection/lib/librhodes.so 0x40516430
D/dalvikvm( 4934): Added shared lib /data/data/com.rhomobile.rhospection/lib/librhodes.so 0x40516430
D/dalvikvm( 4934): Trying to load lib /data/data/com.rhomobile.rhospection/lib/libplugin.so 0x40516430
D/dalvikvm( 4934): Added shared lib /data/data/com.rhomobile.rhospection/lib/libplugin.so 0x40516430
D/dalvikvm( 4934): No JNI_OnLoad found in /data/data/com.rhomobile.rhospection/lib/libplugin.so 0x40516430, skipping init
I/ActivityThread( 4934): Pub com.rhomobile.rhospection: com.rhomobile.rhodes.LocalFileProvider
I/RhodesApplication( 4934): Initializing...
D/RhoFileApi( 4934): App root path: /data/data/com.rhomobile.rhospection/rhodata/
D/RhoFileApi( 4934): Sqlite journals path: /data/data/com.rhomobile.rhospection/sqlite_stmt_journals/
D/RhoFileApi( 4934): Shared path: /data/data/com.rhomobile.rhospection/rhodata/
D/RhodesApplication( 4934): Root path: /data/data/com.rhomobile.rhospection/rhodata/
I/RhodesApplication( 4934): Application hash was changed
D/RhoFileApi( 4934): Copy hash to FS
D/RhoFileApi( 4934): File hash copied
D/RhoFileApi( 4934): Copy rho.dat to FS
D/RhoFileApi( 4934): File rho.dat copied
D/RhoFileApi( 4934): Copy apps/rhoconfig.txt to FS
D/RhoFileApi( 4934): File apps/rhoconfig.txt copied
I/RhoFileApi( 4934): Opening stat table from FS: /data/data/com.rhomobile.rhospection/rhodata/rho.dat
I/APP     ( 4934): T 11/01/2013 10:31:56:443 00001346            RhoBundle| Removing files by list: /data/data/com.rhomobile.rhospection/rhodata/apps, list: /data/data/com.rhomobile.rhospection/rhodata/apps/rhofilelist.txt
D/RhoFileApi( 4934): Copy apps/rhoconfig.txt to FS
D/RhoFileApi( 4934): File apps/rhoconfig.txt copied
D/RhoFileApi( 4934): App root path: /data/data/com.rhomobile.rhospection/rhodata/
D/RhoFileApi( 4934): Sqlite journals path: /data/data/com.rhomobile.rhospection/sqlite_stmt_journals/
D/RhoFileApi( 4934): Shared path: /data/data/com.rhomobile.rhospection/rhodata/
I/APP     ( 4934): T 11/01/2013 10:31:56:445 00001346               Rhodes| rho_cast<string, jstring>: /data/data/com.rhomobile.rhospection/rhodata/
I/APP     ( 4934): T 11/01/2013 10:31:56:445 00001346               Rhodes| rho_cast<string, jstring>: /data/data/com.rhomobile.rhospection/sqlite_stmt_journals/
I/APP     ( 4934): T 11/01/2013 10:31:56:445 00001346               Rhodes| rho_cast<string, jstring>: /data/data/com.rhomobile.rhospection/rhodata/
I/APP     ( 4934): T 11/01/2013 10:31:56:445 00001346               Rhodes| rho_cast<string, jstring>: /data/app/com.rhomobile.rhospection-2.apk
I/APP     ( 4934): T 11/01/2013 10:31:56:445 00001346    RhodesApplication| Root path: /data/data/com.rhomobile.rhospection/rhodata/
I/APP     ( 4934): T 11/01/2013 10:31:56:445 00001346     fileapi.cpp:1721| New FS mode: 1
I/APP     ( 4934): T 11/01/2013 10:31:56:450 00001346     RhoElementsProxy| onCreateApplication -- START
I/APP     ( 4934): T 11/01/2013 10:31:56:451 00001346    RhoExtManagerImpl| Registering extension: rhoelements
I/APP     ( 4934): I 11/01/2013 10:31:56:452 00001346    RhodesApplication| Initialized
I/APP     ( 4934): T 11/01/2013 10:31:56:453 00001346               Rhodes| rho_cast<string, jstring>: full_screen
I/APP     ( 4934): T 11/01/2013 10:31:56:453 00001346               Rhodes| rho_cast<string, jstring>: full_screen
I/APP     ( 4934): T 11/01/2013 10:31:56:454 00001346       RhodesActivity| onCreate
I/APP     ( 4934): T 11/01/2013 10:31:56:455 00001346         BaseActivity| onCreate
I/APP     ( 4934): T 11/01/2013 10:31:56:459 00001346               Rhodes| rho_cast<string, jstring>: disable_screen_rotation
I/APP     ( 4934): T 11/01/2013 10:31:56:460 00001346         BaseActivity| Updating screen properties
I/APP     ( 4934): T 11/01/2013 10:31:56:462 00001346       RhodesActivity| Creating default main view
I/APP     ( 4934): T 11/01/2013 10:31:56:475 00001346       RhodesActivity| Creating splash screen
I/APP     ( 4934): I 11/01/2013 10:31:56:476 00001346         SplashScreen| Looking for start page source
I/APP     ( 4934): I 11/01/2013 10:31:56:476 00001346         SplashScreen| Loading image: apps/app/loading.png
D/dalvikvm( 4934): GC_EXTERNAL_ALLOC freed 274K, 49% free 2877K/5575K, external 1625K/2137K, paused 34ms
I/APP     ( 4934): I 11/01/2013 10:31:56:593 00001346         SplashScreen| Done
I/APP     ( 4934): I 11/01/2013 10:31:56:596 00001346       RhodesActivity| Config path: /mnt/sdcard/Android/data/com.rhomobile.rhospection/Config.xml
I/APP     ( 4934): I 11/01/2013 10:31:56:596 00001346       RhodesActivity| Loading Config.xml from /mnt/sdcard/Android/data/com.rhomobile.rhospection/Config.xml
I/APP     ( 4934): T 11/01/2013 10:31:56:599 00001346               Config| Get value: configuration: null
I/APP     ( 4934): T 11/01/2013 10:31:56:600 00001346               Config| Get value: debugbuttons: null
I/APP     ( 4934): T 11/01/2013 10:31:56:601 00001346               Config| Get value: debugbuttonsenabled: 0
I/APP     ( 4934): T 11/01/2013 10:31:56:601 00001346               Config| Get value: logger: null
I/APP     ( 4934): T 11/01/2013 10:31:56:601 00001346               Config| Get value: logprotocol: FILE
I/APP     ( 4934): T 11/01/2013 10:31:56:601 00001346               Config| Get value: logport: 80
I/APP     ( 4934): T 11/01/2013 10:31:56:602 00001346               Config| Get value: loguri: file:///mnt/sdcard/Android/data/com.rhomobile.rhospection/log.txt
I/APP     ( 4934): T 11/01/2013 10:31:56:602 00001346               Config| Get value: logerror: 1
I/APP     ( 4934): T 11/01/2013 10:31:56:602 00001346               Config| Get value: logwarning: 0
I/APP     ( 4934): T 11/01/2013 10:31:56:603 00001346               Config| Get value: loginfo: 0
I/APP     ( 4934): T 11/01/2013 10:31:56:603 00001346               Config| Get value: loguser: 1
I/APP     ( 4934): T 11/01/2013 10:31:56:603 00001346               Config| Get value: logmemory: 0
I/APP     ( 4934): T 11/01/2013 10:31:56:604 00001346               Config| Get value: logmemperiod: 5000
I/APP     ( 4934): T 11/01/2013 10:31:56:604 00001346               Config| Get value: logmaxsize: 10
I/APP     ( 4934): T 11/01/2013 10:31:56:605 00001346               Config| Get value: filelocations: null
I/APP     ( 4934): T 11/01/2013 10:31:56:605 00001346               Config| Get value: regexfile: file:///mnt/sdcard/Android/data/com.rhomobile.rhospection/RegEx.xml
I/APP     ( 4934): T 11/01/2013 10:31:56:605 00001346               Config| Get value: screen: null
I/APP     ( 4934): T 11/01/2013 10:31:56:606 00001346               Config| Get value: fullscreen: 1
I/APP     ( 4934): T 11/01/2013 10:31:56:606 00001346               Config| Get value: webserver: null
I/APP     ( 4934): T 11/01/2013 10:31:56:607 00001346               Config| Get value: enabled: 0
I/APP     ( 4934): T 11/01/2013 10:31:56:607 00001346               Config| Get value: port: 8080
I/APP     ( 4934): T 11/01/2013 10:31:56:608 00001346               Config| Get value: webfolder: \www
I/APP     ( 4934): T 11/01/2013 10:31:56:609 00001346               Config| Get value: public: 0
I/APP     ( 4934): T 11/01/2013 10:31:56:610 00001346               Config| Get value: devicekeys: null
I/APP     ( 4934): T 11/01/2013 10:31:56:610 00001346               Config| Get value: enablefunctionkey_f1: 0
I/APP     ( 4934): T 11/01/2013 10:31:56:611 00001346               Config| Get value: enablefunctionkey_f2: 0
I/APP     ( 4934): T 11/01/2013 10:31:56:611 00001346               Config| Get value: enablefunctionkey_f3: 0
I/APP     ( 4934): T 11/01/2013 10:31:56:612 00001346               Config| Get value: navigation: null
I/APP     ( 4934): T 11/01/2013 10:31:56:613 00001346               Config| Get value: navtimeout: 45000
I/APP     ( 4934): T 11/01/2013 10:31:56:613 00001346               Config| Get value: geolocation: null
I/APP     ( 4934): T 11/01/2013 10:31:56:614 00001346               Config| Get value: geolocationenabled: 1
I/APP     ( 4934): T 11/01/2013 10:31:56:614 00001346               Config| Get value: applications: null
I/APP     ( 4934): T 11/01/2013 10:31:56:615 00001346               Config| Get value: application: null
I/APP     ( 4934): T 11/01/2013 10:31:56:615 00001346               Config| Get value: general: null
I/APP     ( 4934): T 11/01/2013 10:31:56:617 00001346               Config| Get value: name: Menu
I/APP     ( 4934): T 11/01/2013 10:31:56:617 00001346               Config| Get value: startpage: file:///mnt/sdcard/Android/data/com.rhomobile.rhospection/menu.html
I/APP     ( 4934): T 11/01/2013 10:31:56:618 00001346               Config| Get value: http_proxy: 
I/APP     ( 4934): T 11/01/2013 10:31:56:618 00001346               Config| Get value: https_proxy: 
I/APP     ( 4934): T 11/01/2013 10:31:56:618 00001346               Config| Get value: webdb: null
I/APP     ( 4934): T 11/01/2013 10:31:56:619 00001346               Config| Get value: webstoragedbpath: file:///mnt/sdcard/Android/data/com.rhomobile.rhospection
I/APP     ( 4934): T 11/01/2013 10:31:56:619 00001346               Config| Get value: websqldbquota: 5000000
I/APP     ( 4934): T 11/01/2013 10:31:56:620 00001346               Config| Get value: websqldbpath: file:///mnt/sdcard/Android/data/com.rhomobile.rhospection
I/APP     ( 4934): T 11/01/2013 10:31:56:621 00001346               Config| Get value: applicationcache: null
I/APP     ( 4934): T 11/01/2013 10:31:56:621 00001346               Config| Get value: applicationcachepath: file:///mnt/sdcard/Android/data/com.rhomobile.rhospection
I/APP     ( 4934): T 11/01/2013 10:31:56:621 00001346               Config| Get value: applicationcachequota: 5000000
I/APP     ( 4934): T 11/01/2013 10:31:56:622 00001346               Config| Get value: npapi: null
I/APP     ( 4934): T 11/01/2013 10:31:56:622 00001346               Config| Get value: preloads: null
I/APP     ( 4934): T 11/01/2013 10:31:56:622 00001346               Config| Get value: preloadlegacygeneric: 1
I/APP     ( 4934): T 11/01/2013 10:31:56:622 00001346               Config| Get value: preloadlegacyodax: 1
I/APP     ( 4934): T 11/01/2013 10:31:56:623 00001346               Config| Get value: preloadlegacynosip: 1
I/APP     ( 4934): T 11/01/2013 10:31:56:623 00001346               Config| Get value: preloadlegacyairbeam: 1
I/APP     ( 4934): T 11/01/2013 10:31:56:623 00001346               Config| Get value: preloadlegacyapd: 1
I/APP     ( 4934): T 11/01/2013 10:31:56:624 00001346               Config| Get value: preloadjsobjects: 1
I/APP     ( 4934): T 11/01/2013 10:31:56:624 00001346               Config| Get value: htmlstyles: null
I/APP     ( 4934): T 11/01/2013 10:31:56:625 00001346               Config| Get value: textselectionenabled: 0
I/APP     ( 4934): T 11/01/2013 10:31:56:625 00001346               Config| Get value: fontfamily: Droid Sans Fallback
I/APP     ( 4934): T 11/01/2013 10:31:56:625 00001346               Config| Get value: gui: null
I/APP     ( 4934): T 11/01/2013 10:31:56:625 00001346               Config| Get value: signalrefresh: 5000
I/APP     ( 4934): T 11/01/2013 10:31:56:626 00001346               Config| Get value: hourglassenabled: 1
I/APP     ( 4934): T 11/01/2013 10:31:56:626 00001346               Config| Get value: hourglassleft: 
I/APP     ( 4934): T 11/01/2013 10:31:56:626 00001346               Config| Get value: hourglasstop: 
I/APP     ( 4934): T 11/01/2013 10:31:56:627 00001346               Config| Get value: navigation: null
I/APP     ( 4934): T 11/01/2013 10:31:56:627 00001346               Config| Get value: badlinkuri: file:///mnt/sdcard/Android/data/com.rhomobile.rhospection/badlink.html
I/APP     ( 4934): T 11/01/2013 10:31:56:628 00001346               Config| Get value: useragent: Mozilla/5.0 (%p) AppleWebKit/%w (KHTML, like Gecko) MotorolaWebKit/%e Safari/%w
I/APP     ( 4934): T 11/01/2013 10:31:56:628 00001346               Config| Get value: networkcookiedatabase: file:///mnt/sdcard/Android/data/com.rhomobile.rhospection/cookies.db
I/APP     ( 4934): T 11/01/2013 10:31:56:629 00001346               Config| Get value: viewportenabled: 1
I/APP     ( 4934): T 11/01/2013 10:31:56:629 00001346               Config| Get value: cache: 5MB
I/APP     ( 4934): T 11/01/2013 10:31:56:631 00001346               Config| getValue: CAFile: null
I/APP     ( 4934): T 11/01/2013 10:31:56:631 00001346               Config| getValue: CAPath: null
D/dalvikvm( 4934): Trying to load lib /data/data/com.rhomobile.rhospection/lib/libplugin.so 0x40516430
D/dalvikvm( 4934): Shared lib '/data/data/com.rhomobile.rhospection/lib/libplugin.so' already loaded in same CL 0x40516430
D/RhoElements( 4934): <1> Logger started
D/MOTO plugin( 4934): Socket port set to 47733 
D/dalvikvm( 4934): GC_CONCURRENT freed 1151K, 54% free 3158K/6727K, external 4515K/5027K, paused 2ms+3ms
I/APP     ( 4934): I 11/01/2013 10:31:57:152 00001346 LicenseRhodesListener| Creating RE License extension for Native app
I/APP     ( 4934): T 11/01/2013 10:31:57:153 00001346 LicenseNativeExtension| init
I/APP     ( 4934): T 11/01/2013 10:31:57:153 00001346               Rhodes| rho_cast<string, jstring>: motorola_license
I/APP     ( 4934): T 11/01/2013 10:31:57:153 00001346               Rhodes| rho_cast<jstring, string>: `VLDr@le`9k:aCtlP$1@@PQdWnqF7y/gvj0L`SRm`Yt6j=EUb(F?a;7vLTl5fdkFS(c:rsjH@G1Zadt@`hnMPj1UW,V$d:i|2,0m2tg`Iy5jX|7PnegFJyoQd-o|qsVObHOZ;E;o
I/APP     ( 4934): T 11/01/2013 10:31:57:153 00001346               Rhodes| rho_cast<string, jstring>: motorola_license_company
I/APP     ( 4934): T 11/01/2013 10:31:57:154 00001346               Rhodes| rho_cast<jstring, string>: (null)
I/APP     ( 4934): T 11/01/2013 10:31:57:154 00001346               Rhodes| rho_cast<string, jstring>: name
I/APP     ( 4934): T 11/01/2013 10:31:57:154 00001346               Rhodes| rho_cast<jstring, string>: Rhospection
I/APP     ( 4934): T 11/01/2013 10:31:57:154 00001346    RhoExtManagerImpl| New license credentials
I/APP     ( 4934): T 11/01/2013 10:31:57:154 00001346               Rhodes| rho_cast<string, jstring>: `VLDr@le`9k:aCtlP$1@@PQdWnqF7y/gvj0L`SRm`Yt6j=EUb(F?a;7vLTl5fdkFS(c:rsjH@G1Zadt@`hnMPj1UW,V$d:i|2,0m2tg`Iy5jX|7PnegFJyoQd-o|qsVObHOZ;E;o
I/APP     ( 4934): T 11/01/2013 10:31:57:155 00001346               Rhodes| rho_cast<string, jstring>: Rhospection
I/APP     ( 4934): T 11/01/2013 10:31:57:155 00001346    RhoExtManagerImpl| Registering extension: RhoElements-license
I/APP     ( 4934): T 11/01/2013 10:31:57:155 00001346    RhoExtManagerImpl| Creating Google web view
I/APP     ( 4934): I 11/01/2013 10:31:57:201 00001346        GoogleWebView| Initialize Google WEbView staff
I/APP     ( 4934): T 11/01/2013 10:31:57:202 00001346     OsVersionManager| Feature Selector: interface com.rhomobile.rhodes.webview.IWebSettingsProvider
I/APP     ( 4934): T 11/01/2013 10:31:57:202 00001346     OsVersionManager| Implementation: com.rhomobile.rhodes.webview.WebSettingsProviderBase, OS rev. 1
I/APP     ( 4934): T 11/01/2013 10:31:57:202 00001346     OsVersionManager| feature map: OS 1, idx: 0
I/APP     ( 4934): T 11/01/2013 10:31:57:203 00001346     OsVersionManager| feature map: OS 2, idx: 1
I/APP     ( 4934): T 11/01/2013 10:31:57:203 00001346     OsVersionManager| feature map: OS 3, idx: 2
I/APP     ( 4934): T 11/01/2013 10:31:57:203 00001346     OsVersionManager| feature map: OS 4, idx: 3
I/APP     ( 4934): T 11/01/2013 10:31:57:203 00001346     OsVersionManager| feature map: OS 5, idx: 4
I/APP     ( 4934): T 11/01/2013 10:31:57:204 00001346     OsVersionManager| feature map: OS 6, idx: 5
I/APP     ( 4934): T 11/01/2013 10:31:57:204 00001346     OsVersionManager| feature map: OS 7, idx: 6
I/APP     ( 4934): T 11/01/2013 10:31:57:204 00001346     OsVersionManager| feature map: OS 8, idx: 7
I/APP     ( 4934): T 11/01/2013 10:31:57:204 00001346     OsVersionManager| feature map: OS 9, idx: 8
I/APP     ( 4934): T 11/01/2013 10:31:57:204 00001346     OsVersionManager| feature map: OS 10, idx: 9
I/APP     ( 4934): T 11/01/2013 10:31:57:205 00001346     OsVersionManager| feature map: OS 10, idx: 9
I/APP     ( 4934): T 11/01/2013 10:31:57:205 00001346     OsVersionManager| Feature Selector: interface com.rhomobile.rhodes.webview.IWebSettingsProvider
I/APP     ( 4934): T 11/01/2013 10:31:57:205 00001346     OsVersionManager| Implementation: com.rhomobile.rhodes.webview.WebSettingsProviderEclair, OS rev. 5
I/APP     ( 4934): T 11/01/2013 10:31:57:206 00001346     OsVersionManager| feature map: OS 5, idx: 4
I/APP     ( 4934): T 11/01/2013 10:31:57:206 00001346     OsVersionManager| feature map: OS 6, idx: 5
I/APP     ( 4934): T 11/01/2013 10:31:57:206 00001346     OsVersionManager| feature map: OS 7, idx: 6
I/APP     ( 4934): T 11/01/2013 10:31:57:207 00001346     OsVersionManager| feature map: OS 8, idx: 7
I/APP     ( 4934): T 11/01/2013 10:31:57:207 00001346     OsVersionManager| feature map: OS 9, idx: 8
I/APP     ( 4934): T 11/01/2013 10:31:57:208 00001346     OsVersionManager| feature map: OS 10, idx: 9
I/APP     ( 4934): T 11/01/2013 10:31:57:208 00001346     OsVersionManager| feature map: OS 10, idx: 9
I/APP     ( 4934): T 11/01/2013 10:31:57:209 00001346     OsVersionManager| Feature Selector: interface com.rhomobile.rhodes.webview.IWebSettingsProvider
I/APP     ( 4934): T 11/01/2013 10:31:57:209 00001346     OsVersionManager| Implementation: com.rhomobile.rhodes.webview.WebSettingsProviderEclairMR1, OS rev. 7
I/APP     ( 4934): T 11/01/2013 10:31:57:209 00001346     OsVersionManager| feature map: OS 7, idx: 6
I/APP     ( 4934): T 11/01/2013 10:31:57:210 00001346     OsVersionManager| feature map: OS 8, idx: 7
I/APP     ( 4934): T 11/01/2013 10:31:57:210 00001346     OsVersionManager| feature map: OS 9, idx: 8
I/APP     ( 4934): T 11/01/2013 10:31:57:211 00001346     OsVersionManager| feature map: OS 10, idx: 9
I/APP     ( 4934): T 11/01/2013 10:31:57:211 00001346     OsVersionManager| feature map: OS 10, idx: 9
I/APP     ( 4934): T 11/01/2013 10:31:57:212 00001346     OsVersionManager| Feature Selector: interface com.rhomobile.rhodes.webview.IWebSettingsProvider
I/APP     ( 4934): T 11/01/2013 10:31:57:212 00001346     OsVersionManager| Implementation: com.rhomobile.rhodes.webview.WebSettingsProviderFroyo, OS rev. 8
I/APP     ( 4934): T 11/01/2013 10:31:57:212 00001346     OsVersionManager| feature map: OS 8, idx: 7
I/APP     ( 4934): T 11/01/2013 10:31:57:213 00001346     OsVersionManager| feature map: OS 9, idx: 8
I/APP     ( 4934): T 11/01/2013 10:31:57:213 00001346     OsVersionManager| feature map: OS 10, idx: 9
I/APP     ( 4934): T 11/01/2013 10:31:57:213 00001346     OsVersionManager| feature map: OS 10, idx: 9
I/APP     ( 4934): T 11/01/2013 10:31:57:214 00001346     OsVersionManager| Feature Selector: interface com.rhomobile.rhodes.webview.IWebSettingsProvider
I/APP     ( 4934): T 11/01/2013 10:31:57:214 00001346     OsVersionManager| Implementation: com.rhomobile.rhodes.webview.WebSettingsProviderJellyBean, OS rev. 16
I/APP     ( 4934): T 11/01/2013 10:31:57:215 00001346     OsVersionManager| feature map: OS 10, idx: 9
I/APP     ( 4934): T 11/01/2013 10:31:57:216 00001346        GoogleWebView| applyWebSettings
I/APP     ( 4934): T 11/01/2013 10:31:57:217 00001346    RhodesApplication| Current UiState : Undefined
I/APP     ( 4934): T 11/01/2013 10:31:57:217 00001346    RhodesApplication| UiState handler added: MainActivityCreated
I/APP     ( 4934): T 11/01/2013 10:31:57:218 00001346    RhodesApplication| Current AppState : Undefined
I/APP     ( 4934): T 11/01/2013 10:31:57:218 00001346    RhodesApplication| AppState handler added: AppStarted
I/APP     ( 4934): T 11/01/2013 10:31:57:218 00001346    RhodesApplication| Overall handlers: 1
I/APP     ( 4934): T 11/01/2013 10:31:57:219 00001346    RhodesApplication| Current UiState : Undefined
I/APP     ( 4934): T 11/01/2013 10:31:57:219 00001346    RhodesApplication| UiState handler added: MainActivityCreated
I/APP     ( 4934): I 11/01/2013 10:31:57:220 00001346        GoogleWebView| Adding new JS interface: generic
I/APP     ( 4934): I 11/01/2013 10:31:57:220 00001346        GoogleWebView| Adding new JS interface: metaReceiver
I/APP     ( 4934): T 11/01/2013 10:31:57:221 00001346  MainActivityCreated| Starting commit. Current UiState: Undefined
I/APP     ( 4934): T 11/01/2013 10:31:57:221 00001346  MainActivityCreated| Handlers gone: 2
I/APP     ( 4934): T 11/01/2013 10:31:57:221 00001346  MainActivityCreated| Commit observers
I/APP     ( 4934): T 11/01/2013 10:31:57:222 00001346  MainActivityCreated| After UiState commit: MainActivityCreated
I/APP     ( 4934): T 11/01/2013 10:31:57:223 00001346            Undefined| Handlers have completed: 2
I/APP     ( 4934): I 11/01/2013 10:31:57:223 00001346    RhodesApplication| New UiState: MainActivityCreated
I/APP     ( 4934): T 11/01/2013 10:31:57:223 00001346       RhodesActivity| onStart
I/APP     ( 4934): T 11/01/2013 10:31:57:224 00001346  MainActivityStarted| Starting commit. Current UiState: MainActivityCreated
I/APP     ( 4934): T 11/01/2013 10:31:57:224 00001346  MainActivityStarted| Handlers gone: 0
I/APP     ( 4934): T 11/01/2013 10:31:57:225 00001346  MainActivityStarted| Commit observers
I/APP     ( 4934): T 11/01/2013 10:31:57:225 00001346  MainActivityStarted| After UiState commit: MainActivityStarted
I/APP     ( 4934): T 11/01/2013 10:31:57:226 00001346            Undefined| Handlers have completed: 1
I/APP     ( 4934): I 11/01/2013 10:31:57:226 00001346    RhodesApplication| New UiState: MainActivityStarted
I/APP     ( 4934): T 11/01/2013 10:31:57:230 00001346    RhoExtManagerImpl| Adding new config: rhoelementsext
I/APP     ( 4934): T 11/01/2013 10:31:57:231 00001346       RhodesActivity| onResume
I/APP     ( 4934): I 11/01/2013 10:31:57:239 00001346    LocalFileProvider| Revoke URI permissions: content:///com.rhomobile.rhospection
I/APP     ( 4934): I 11/01/2013 10:31:57:240 00001346               Rhodes| Loading...
I/APP     ( 4934): I 11/01/2013 10:31:57:240 00001346            RhodesApp| Trying to get free listening port.
I/APP     ( 4934): I 11/01/2013 10:31:57:240 00001346            RhodesApp| Trying to bind of 0 port...
I/APP     ( 4934): I 11/01/2013 10:31:57:241 00001346            RhodesApp| Got port to bind on: 40722
I/APP     ( 4934): T 11/01/2013 10:31:57:241 00001355            RhodesApp| Starting new thread - env: 0x004a5ec0, functions: 0x800a3d68 ^^^^^^^^^^^^^^^^^^^^^^^^^^^^^^^^^^^^^^^^^^^^^^^^^^^^^
I/APP     ( 4934): I 11/01/2013 10:31:57:241 00001346            RhodesApp| Free listening port: 40722
I/APP     ( 4934): I 11/01/2013 10:31:57:243 00001355         AppCallbacks| Starting main routine...
I/APP     ( 4934): I 11/01/2013 10:31:57:243 00001355         AppCallbacks| ThreadQueue blocked for 4294967295 seconds...
W/ActivityManager( 1665): No content provider found for: 
I/APP     ( 4934): T 11/01/2013 10:31:57:258 00001356            RhodesApp| Starting new thread - env: 0x00492df0, functions: 0x800a3d68 ^^^^^^^^^^^^^^^^^^^^^^^^^^^^^^^^^^^^^^^^^^^^^^^^^^^^^
I/APP     ( 4934): I 11/01/2013 10:31:57:259 00001346            RhodesApp| callAppActiveCallback
I/APP     ( 4934): I 11/01/2013 10:31:57:261 00001346         AppCallbacks| addCommand: APP-ACTIVATED
I/APP     ( 4934): I 11/01/2013 10:31:57:261 00001355         AppCallbacks| Received command APP-ACTIVATED which is greater than expected (LOCAL-SERVER-STARTED) - postpone it
I/APP     ( 4934): I 11/01/2013 10:31:57:261 00001355         AppCallbacks| ThreadQueue blocked for 4294967295 seconds...
I/APP     ( 4934): I 11/01/2013 10:31:57:262 00001356            RhodesApp| Starting RhodesApp main routine...
I/APP     ( 4934): T 11/01/2013 10:31:57:262 00001346         AppActivated| Starting commit. Current AppState: Undefined
I/APP     ( 4934): I 11/01/2013 10:31:57:271 00001346         AppActivated| Cannot commit now, application will be activated when started.
I/APP     ( 4934): T 11/01/2013 10:31:57:273 00001346         AppActivated| After AppState commit: Undefined
I/APP     ( 4934): T 11/01/2013 10:31:57:273 00001346            Undefined| Handlers have completed: 0
I/APP     ( 4934): I 11/01/2013 10:31:57:273 00001346    RhodesApplication| New AppState: Undefined
I/APP     ( 4934): I 11/01/2013 10:31:57:274 00001346        RhodesService| handleCommand: startId=1, source=com.rhomobile.rhodes.BaseActivity
I/APP     ( 4934): I 11/01/2013 10:31:57:302 00001356              RhoRuby| Init_RhoBlobs: /data/data/com.rhomobile.rhospection/rhodata/db/db-files
I/APP     ( 4934): T 11/01/2013 10:31:57:314 00001356          CExtManager| Require ruby file: RhoSystemApi
I/APP     ( 4934): I 11/01/2013 10:31:57:315 00001356              RhoRuby| require_compiled: RhoSystemApi
I/APP     ( 4934): T 11/01/2013 10:31:57:315 00001356               Rhodes| rho_cast<jstring, string>: lib/RhoSystemApi.iseq
I/APP     ( 4934): T 11/01/2013 10:31:57:320 00001356          CExtManager| Require ruby file: RhoApplicationApi
I/APP     ( 4934): I 11/01/2013 10:31:57:321 00001356              RhoRuby| require_compiled: RhoApplicationApi
I/APP     ( 4934): T 11/01/2013 10:31:57:321 00001356               Rhodes| rho_cast<jstring, string>: lib/RhoApplicationApi.iseq
I/APP     ( 4934): T 11/01/2013 10:31:57:329 00001356          CExtManager| Require ruby file: RhoNetworkApi
I/APP     ( 4934): I 11/01/2013 10:31:57:329 00001356              RhoRuby| require_compiled: RhoNetworkApi
I/APP     ( 4934): T 11/01/2013 10:31:57:330 00001356               Rhodes| rho_cast<jstring, string>: lib/RhoNetworkApi.iseq
I/APP     ( 4934): T 11/01/2013 10:31:57:334 00001356          CExtManager| Require ruby file: RhoDatabaseApi
I/APP     ( 4934): I 11/01/2013 10:31:57:335 00001356              RhoRuby| require_compiled: RhoDatabaseApi
I/APP     ( 4934): T 11/01/2013 10:31:57:335 00001356               Rhodes| rho_cast<jstring, string>: lib/RhoDatabaseApi.iseq
I/APP     ( 4934): T 11/01/2013 10:31:57:352 00001356          CExtManager| Require ruby file: RhoLogApi
I/APP     ( 4934): I 11/01/2013 10:31:57:353 00001356              RhoRuby| require_compiled: RhoLogApi
I/APP     ( 4934): T 11/01/2013 10:31:57:353 00001356               Rhodes| rho_cast<jstring, string>: lib/RhoLogApi.iseq
I/APP     ( 4934): T 11/01/2013 10:31:57:355 00001356              WebView| Init_WebView
I/APP     ( 4934): T 11/01/2013 10:31:57:355 00001356         RhodesAppJNI| rho_find_class - com.rho.webview.WebViewFactory
I/APP     ( 4934): T 11/01/2013 10:31:57:356 00001356               Rhodes| rho_cast<string, jstring>: disable_loading_indication
