--------- beginning of /dev/log/system
I/SystemServer( 1665): NetStat Service
I/SystemServer( 1665): NetworkManagement Service
I/SystemServer( 1665): Connectivity Service
V/BtDunStateTracker( 1665): Starts...
V/BtDunStateTracker( 1665): start to monitor the BT dun devices
I/WifiService( 1665): WifiService starting up with Wi-Fi enabled
D/NetworkManagmentService( 1665): Registering observer
I/SystemServer( 1665): Throttle Service
I/SystemServer( 1665): Accessibility Manager
I/SystemServer( 1665): Mount Service
I/SystemServer( 1665): Notification Manager
I/SystemServer( 1665): Device Storage Monitor
I/SystemServer( 1665): Location Manager
I/SystemServer( 1665): Search Service
I/SystemServer( 1665): DropBox Service
I/SystemServer( 1665): Wallpaper Service
I/InputManager-Callbacks( 1665): No input device calibration properties found for device twl6030_pwrbutton.
I/InputManager-Callbacks( 1665): No input device calibration properties found for device gpio-keys.
I/InputManager-Callbacks( 1665): No input device calibration properties found for device SDP4430 Headset Jack.
I/InputManager-Callbacks( 1665): No input device calibration properties found for device nt11004-touch.
D/VoldCmdListener( 1576): volume list
I/SystemServer( 1665): Audio Service
W/MountService( 1665): Skipping unknown volume '/mnt/sd-ext'
W/MountService( 1665): Skipping unknown volume '/mnt/usbdisk'
D/VoldCmdListener( 1576): share status ums
I/SystemServer( 1665): Headset Observer
I/SystemServer( 1665): HDMI Observer
W/HDMIObserver( 1665): This kernel does not have hdmi support
I/SystemServer( 1665): Dock Observer
W/DockObserver( 1665): This kernel does not have dock station support
I/SystemServer( 1665): USB Service
I/SystemServer( 1665): UI Mode Manager Service
I/SystemServer( 1665): Backup Service
V/BackupManagerService( 1665): No ancestral data
I/BackupManagerService( 1665): Found stale backup journal, scheduling
I/BackupManagerService( 1665):   com.android.inputmethod.latin
I/BackupManagerService( 1665):   com.android.browser
I/BackupManagerService( 1665):   com.android.providers.userdictionary
I/BackupManagerService( 1665):   android
I/BackupManagerService( 1665):   com.android.providers.settings
I/BackupManagerService( 1665): Backup enabled => false
I/SystemServer( 1665): AppWidget Service
I/SystemServer( 1665): Recognition Service
I/SystemServer( 1665): DiskStats Service
D/PowerManagerService( 1665): system ready!
I/ActivityManager( 1665): Config changed: { scale=1.0 imsi=0/0 loc=en_US touch=3 keys=1/1/2 nav=1/1 orien=1 layout=34 uiMode=0 seq=1}
I/ActivityManager( 1665): System now ready
I/SystemServer( 1665): Making services ready
I/StatusBarManagerService( 1665): Starting service: ComponentInfo{com.android.systemui/com.android.systemui.statusbar.StatusBarService}
I/ActivityManager( 1665): Start proc com.android.systemui for service com.android.systemui/.statusbar.StatusBarService: pid=1745 uid=1000 gids={3003, 3002, 3001, 1015}
I/ActivityManager( 1665): Config changed: { scale=1.0 imsi=0/0 loc=en_US touch=3 keys=1/1/2 nav=1/1 orien=1 layout=34 uiMode=17 seq=2}
W/RecognitionManagerService( 1665): no available voice recognition services found
I/ActivityManager( 1665): Start proc com.android.inputmethod.latin for service com.android.inputmethod.latin/.LatinIME: pid=1754 uid=10022 gids={}
W/ActivityManager( 1665): Unable to start service Intent { act=@0 }: not found
W/ActivityManager( 1665): Unable to start service Intent { act=@0 }: not found
D/NetworkManagmentService( 1665): Registering observer
E/ThrottleService( 1665): Could not open GPS configuration file /etc/gps.conf
I/ActivityManager( 1665): Start proc com.android.phone for added application com.android.phone: pid=1758 uid=1001 gids={3002, 3001, 3003, 1015}
I/ActivityManager( 1665): Start proc com.motorolasolutions.emdk.mdmadmin for added application com.motorolasolutions.emdk.mdmadmin: pid=1761 uid=10018 gids={1015}
I/ActivityManager( 1665): Start proc com.motorolasolutions.emdk.datawedge for added application com.motorolasolutions.emdk.datawedge: pid=1762 uid=10031 gids={1006, 1015}
I/ActivityManager( 1665): Starting: Intent { act=android.intent.action.MAIN cat=[android.intent.category.HOME] flg=0x10000000 cmp=com.android.launcher/com.android.launcher2.Launcher } from pid 0
I/ActivityManager( 1665): Start proc com.android.launcher for activity com.android.launcher/com.android.launcher2.Launcher: pid=1769 uid=10021 gids={}
I/StatusBarManagerService( 1665): registerStatusBar bar=com.android.internal.statusbar.IStatusBar$Stub$Proxy@405b3b48
I/ActivityManager( 1665): Start proc android.process.acore for content provider com.android.providers.userdictionary/.UserDictionaryProvider: pid=1801 uid=10002 gids={3003, 1015}
D/VoldCmdListener( 1576): share status ums
D/StorageNotification( 1745): Startup with UMS connection false (media state unmounted)
I/StorageNotification( 1745): UMS connection changed to true (media state unmounted)
D/VoldCmdListener( 1576): share status ums
W/ActivityManager( 1665): Unable to start service Intent { act=com.android.ussd.IExtendedNetworkService }: not found
I/TelephonyRegistry( 1665): notifyServiceState: 1 home null null null  Unknown CSS not supported -1 -1RoamInd: -1DefRoamInd: -1EmergOnly: false
I/TelephonyRegistry( 1665): notifyDataConnection: state=0 isDataConnectivityPossible=false reason=radioTurnedOff interfaceName=null networkType=0
I/TelephonyRegistry( 1665): notifyDataConnection: state=0 isDataConnectivityPossible=false reason=gprsDetached interfaceName=null networkType=0
D/PowerManagerService( 1665): bootCompleted
E/PowerManagerService( 1665): mStayOnConditions: 0===:false
D/VoldCmdListener( 1576): share status ums
D/VoldCmdListener( 1576): volume mount /mnt/usbdisk
W/VoldConnector( 1665): Unhandled event (612 Volume usbdisk /mnt/usbdisk mount failed - no media)
D/VoldCmdListener( 1576): volume mount /mnt/sdcard
I/ActivityManager( 1665): Start proc com.mot.cec.te for broadcast com.mot.cec.te/.BootCompletedReceiver: pid=1850 uid=10004 gids={3003, 1015}
I/Vold    ( 1576): /dev/block/vold/179:15 being considered for volume sdcard
D/Vold    ( 1576): Volume sdcard state changing 1 (Idle-Unmounted) -> 3 (Checking)
I/StorageNotification( 1745): Media {/mnt/sdcard} state changed from {unmounted} -> {checking}
I/ActivityManager( 1665): Start proc android.process.media for content provider com.android.providers.downloads/.DownloadProvider: pid=1864 uid=10016 gids={1015, 2001, 3003}
I/Vold    ( 1576): Filesystem check completed OK
I/Vold    ( 1576): Device /dev/block/vold/179:15, target /mnt/sdcard mounted @ /mnt/secure/staging
D/Vold    ( 1576): Volume sdcard state changing 3 (Checking) -> 4 (Mounted)
I/StorageNotification( 1745): Media {/mnt/sdcard} state changed from {checking} -> {mounted}
D/VoldCmdListener( 1576): asec list
D/VoldCmdListener( 1576): share status ums
W/PackageManager( 1665): Unknown permission android.webkit.permission.PLUGIN in package com.rhomobile.barcodetest
W/PackageManager( 1665): Unknown permission android.permission.ACCESS_GPS in package com.rhomobile.barcodetest
W/PackageManager( 1665): Unknown permission android.permission.ACCESS_LOCATION in package com.rhomobile.barcodetest
W/PackageManager( 1665): Not granting permission android.permission.MODIFY_PHONE_STATE to package com.rhomobile.barcodetest (protectionLevel=3 flags=0x8be44)
W/PackageManager( 1665): Unknown permission com.google.android.googleapps.permission.GOOGLE_AUTH.mail in package com.android.contacts
W/PackageManager( 1665): Unknown permission android.permission.ADD_SYSTEM_SERVICE in package com.android.phone
W/PackageManager( 1665): Unknown permission android.webkit.permission.PLUGIN in package com.rhomobile.rhospection
W/PackageManager( 1665): Unknown permission android.permission.ACCESS_GPS in package com.rhomobile.rhospection
W/PackageManager( 1665): Unknown permission android.permission.ACCESS_LOCATION in package com.rhomobile.rhospection
W/PackageManager( 1665): Not granting permission android.permission.MODIFY_PHONE_STATE to package com.rhomobile.rhospection (protectionLevel=3 flags=0x8be44)
W/PackageManager( 1665): Unknown permission android.webkit.permission.PLUGIN in package com.rhomobile.retest
W/PackageManager( 1665): Unknown permission android.permission.ACCESS_GPS in package com.rhomobile.retest
W/PackageManager( 1665): Unknown permission android.permission.ACCESS_LOCATION in package com.rhomobile.retest
W/PackageManager( 1665): Not granting permission android.permission.MODIFY_PHONE_STATE to package com.rhomobile.retest (protectionLevel=3 flags=0x8be44)
W/PackageManager( 1665): Unknown permission android.webkit.permission.PLUGIN in package com.rhomobile.weinredemo
W/PackageManager( 1665): Unknown permission android.permission.ACCESS_GPS in package com.rhomobile.weinredemo
W/PackageManager( 1665): Unknown permission android.permission.ACCESS_LOCATION in package com.rhomobile.weinredemo
W/PackageManager( 1665): Not granting permission android.permission.MODIFY_PHONE_STATE to package com.rhomobile.weinredemo (protectionLevel=3 flags=0x8be44)
W/PackageManager( 1665): Unknown permission com.google.android.googleapps.permission.GOOGLE_AUTH in package com.android.providers.calendar
W/PackageManager( 1665): Unknown permission com.google.android.googleapps.permission.GOOGLE_AUTH.cl in package com.android.providers.calendar
W/PackageManager( 1665): Unknown permission com.google.android.googleapps.permission.GOOGLE_AUTH.mail in package com.android.calendar
W/PackageManager( 1665): Not granting permission android.permission.SEND_DOWNLOAD_COMPLETED_INTENTS to package com.android.browser (protectionLevel=2 flags=0x9be45)
W/PackageManager( 1665): Unknown permission android.webkit.permission.PLUGIN in package com.rhomobile.rhodessystemapisamples
W/PackageManager( 1665): Unknown permission android.permission.ACCESS_GPS in package com.rhomobile.rhodessystemapisamples
W/PackageManager( 1665): Unknown permission android.permission.ACCESS_LOCATION in package com.rhomobile.rhodessystemapisamples
W/PackageManager( 1665): Not granting permission android.permission.MODIFY_PHONE_STATE to package com.rhomobile.rhodessystemapisamples (protectionLevel=3 flags=0x8be44)
W/PackageManager( 1665): Unknown permission android.webkit.permission.PLUGIN in package com.rhomobile.rhojsapisamples
W/PackageManager( 1665): Unknown permission android.permission.ACCESS_GPS in package com.rhomobile.rhojsapisamples
W/PackageManager( 1665): Unknown permission android.permission.ACCESS_LOCATION in package com.rhomobile.rhojsapisamples
W/PackageManager( 1665): Not granting permission android.permission.MODIFY_PHONE_STATE to package com.rhomobile.rhojsapisamples (protectionLevel=3 flags=0x8be44)
W/PackageManager( 1665): Unknown permission android.webkit.permission.PLUGIN in package com.rhomobile.kitchensink
W/PackageManager( 1665): Unknown permission android.permission.ACCESS_GPS in package com.rhomobile.kitchensink
W/PackageManager( 1665): Unknown permission android.permission.ACCESS_LOCATION in package com.rhomobile.kitchensink
W/PackageManager( 1665): Not granting permission android.permission.MODIFY_PHONE_STATE to package com.rhomobile.kitchensink (protectionLevel=3 flags=0x8be44)
W/PackageManager( 1665): Unknown permission android.webkit.permission.PLUGIN in package com.rhomobile.urllauncherstock
W/PackageManager( 1665): Unknown permission android.permission.ACCESS_GPS in package com.rhomobile.urllauncherstock
W/PackageManager( 1665): Unknown permission android.permission.ACCESS_LOCATION in package com.rhomobile.urllauncherstock
W/PackageManager( 1665): Not granting permission android.permission.MODIFY_PHONE_STATE to package com.rhomobile.urllauncherstock (protectionLevel=3 flags=0x8be44)
W/PackageManager( 1665): Unknown permission android.webkit.permission.PLUGIN in package com.rhomobile.aapitest
W/PackageManager( 1665): Unknown permission android.permission.ACCESS_GPS in package com.rhomobile.aapitest
W/PackageManager( 1665): Unknown permission android.permission.ACCESS_LOCATION in package com.rhomobile.aapitest
W/PackageManager( 1665): Not granting permission android.permission.MODIFY_PHONE_STATE to package com.rhomobile.aapitest (protectionLevel=3 flags=0x8be44)
W/PackageManager( 1665): Unknown permission android.webkit.permission.PLUGIN in package com.rhomobile.rhodesapp
W/PackageManager( 1665): Unknown permission android.permission.ACCESS_GPS in package com.rhomobile.rhodesapp
W/PackageManager( 1665): Unknown permission android.permission.ACCESS_LOCATION in package com.rhomobile.rhodesapp
W/PackageManager( 1665): Not granting permission android.permission.MODIFY_PHONE_STATE to package com.rhomobile.rhodesapp (protectionLevel=3 flags=0x8be44)
W/PackageManager( 1665): Unknown permission android.webkit.permission.PLUGIN in package com.rhomobile.inventorydemo
W/PackageManager( 1665): Unknown permission android.permission.ACCESS_GPS in package com.rhomobile.inventorydemo
W/PackageManager( 1665): Unknown permission android.permission.ACCESS_LOCATION in package com.rhomobile.inventorydemo
W/PackageManager( 1665): Not granting permission android.permission.MODIFY_PHONE_STATE to package com.rhomobile.inventorydemo (protectionLevel=3 flags=0x8be44)
W/PackageManager( 1665): Unknown permission com.google.android.googleapps.permission.GOOGLE_AUTH in package com.android.providers.contacts
W/PackageManager( 1665): Unknown permission com.google.android.googleapps.permission.GOOGLE_AUTH.cp in package com.android.providers.contacts
W/PackageManager( 1665): Unknown permission com.google.android.gm.permission.WRITE_GMAIL in package com.android.settings
W/PackageManager( 1665): Unknown permission com.google.android.gm.permission.READ_GMAIL in package com.android.settings
W/PackageManager( 1665): Unknown permission com.google.android.googleapps.permission.GOOGLE_AUTH in package com.android.settings
W/PackageManager( 1665): Not granting permission android.permission.DEVICE_POWER to package com.motorolasolutions.emdk.mdmadmin (protectionLevel=2 flags=0x8be4d)
W/PackageManager( 1665): Unknown permission android.Manifest.permission.APP_LIST_MANAGEMENT in package com.motorola.msp
W/PackageManager( 1665): Unknown permission android.permission.WIFI_LOCK in package com.motorola.msp
W/PackageManager( 1665): Unknown permission android.webkit.permission.PLUGIN in package com.rhomobile.barcodeexample
W/PackageManager( 1665): Unknown permission android.permission.ACCESS_GPS in package com.rhomobile.barcodeexample
W/PackageManager( 1665): Unknown permission android.permission.ACCESS_LOCATION in package com.rhomobile.barcodeexample
W/PackageManager( 1665): Not granting permission android.permission.MODIFY_PHONE_STATE to package com.rhomobile.barcodeexample (protectionLevel=3 flags=0x8be44)
W/PackageManager( 1665): Unknown permission android.webkit.permission.PLUGIN in package com.rhomobile.rhokitchensink
W/PackageManager( 1665): Unknown permission android.permission.ACCESS_GPS in package com.rhomobile.rhokitchensink
W/PackageManager( 1665): Unknown permission android.permission.ACCESS_LOCATION in package com.rhomobile.rhokitchensink
W/PackageManager( 1665): Not granting permission android.permission.MODIFY_PHONE_STATE to package com.rhomobile.rhokitchensink (protectionLevel=3 flags=0x8be44)
W/PackageManager( 1665): Unknown permission android.permission.READ_OWNER_DATA in package com.android.email
W/PackageManager( 1665): Not granting permission android.permission.DEVICE_POWER to package com.android.deskclock (protectionLevel=2 flags=0x8be45)
W/PackageManager( 1665): Unknown permission android.webkit.permission.PLUGIN in package com.motorolasolutions.rhoelements
W/PackageManager( 1665): Unknown permission android.permission.ACCESS_GPS in package com.motorolasolutions.rhoelements
W/PackageManager( 1665): Unknown permission android.permission.ACCESS_LOCATION in package com.motorolasolutions.rhoelements
W/PackageManager( 1665): Not granting permission android.permission.MODIFY_PHONE_STATE to package com.motorolasolutions.rhoelements (protectionLevel=3 flags=0x8be44)
W/PackageManager( 1665): Unknown permission android.webkit.permission.PLUGIN in package com.saltustechnologies.digiticket.demook
W/PackageManager( 1665): Unknown permission android.permission.ACCESS_GPS in package com.saltustechnologies.digiticket.demook
W/PackageManager( 1665): Unknown permission android.permission.ACCESS_LOCATION in package com.saltustechnologies.digiticket.demook
W/PackageManager( 1665): Not granting permission android.permission.MODIFY_PHONE_STATE to package com.saltustechnologies.digiticket.demook (protectionLevel=3 flags=0x8be44)
W/PackageManager( 1665): Unknown permission com.android.inputmethod.latin.MODIFY_SETTINGS in package com.motorolasolutions.emdk.proxyframework
W/PackageManager( 1665): Not granting permission android.permission.STATUS_BAR_SERVICE to package com.motorolasolutions.emdk.proxyframework (protectionLevel=2 flags=0x8be45)
W/PackageManager( 1665): Unknown permission com.motorolasolutions.emdk.proxyframework.permission.SETTINGS_HELPER in package com.motorolasolutions.emdk.proxyframework
W/PackageManager( 1665): Unknown permission android.webkit.permission.PLUGIN in package com.rhomobile.assettracking
W/PackageManager( 1665): Unknown permission android.permission.ACCESS_GPS in package com.rhomobile.assettracking
W/PackageManager( 1665): Unknown permission android.permission.ACCESS_LOCATION in package com.rhomobile.assettracking
W/PackageManager( 1665): Not granting permission android.permission.MODIFY_PHONE_STATE to package com.rhomobile.assettracking (protectionLevel=3 flags=0x8be44)
I/ActivityManager( 1665): Start proc com.motorolasolutions.software.multiusernotifier for broadcast com.motorolasolutions.software.multiusernotifier/.JumpStarter: pid=1878 uid=10014 gids={}
I/ActivityManager( 1665): Start proc com.motorola.msp for broadcast com.motorola.msp/.service.MspServiceReceiver: pid=1886 uid=10015 gids={1000, 1003, 1004, 3003, 1006, 1015, 2001}
I/ActivityManager( 1665): Start proc com.motorolasolutions.emdk.proxyframework:remote for service com.motorolasolutions.emdk.proxyframework/.MultiUserService: pid=1892 uid=10007 gids={1015}
D/VoldCmdListener( 1576): share status ums
I/ActivityManager( 1665): Start proc com.motorola.msp:remote for service com.motorola.msp/.service.MspService: pid=1901 uid=10015 gids={1000, 1003, 1004, 3003, 1006, 1015, 2001}
I/ActivityManager( 1665): Start proc com.android.email for broadcast com.android.email/.service.EmailBroadcastReceiver: pid=1909 uid=10028 gids={3003, 1015}
I/ActivityManager( 1665): Start proc com.motorolasolutions.emdk.proxyframework for service com.motorolasolutions.emdk.proxyframework/.AppLockoutService: pid=1916 uid=10007 gids={1015}
I/ActivityManager( 1665): Start proc com.android.deskclock for broadcast com.android.deskclock/.AlarmInitReceiver: pid=1931 uid=10029 gids={}
I/ActivityManager( 1665): Start proc com.motorolasolutions.cu for broadcast com.motorolasolutions.cu/.ConfigUpdate: pid=1950 uid=1000 gids={3003, 3002, 3001, 1015}
I/ActivityManager( 1665): Start proc com.android.providers.calendar for broadcast com.android.providers.calendar/.CalendarReceiver: pid=1958 uid=10034 gids={3003}
I/ActivityManager( 1665): Start proc com.motorolasolutions.emdk.securestorage for service com.motorolasolutions.emdk.securestorage/.SecureStorageController: pid=1962 uid=10005 gids={1015}
D/VoldCmdListener( 1576): share status ums
I/ActivityManager( 1665): Start proc com.android.bluetooth for broadcast com.android.bluetooth/.opp.BluetoothOppReceiver: pid=1977 uid=10038 gids={3003, 3002, 3001, 1015}
I/ActivityManager( 1665): Start proc com.android.settings for broadcast com.android.settings/.widget.SettingsAppWidgetProvider: pid=1986 uid=1000 gids={3003, 3002, 3001, 1015}
I/ActivityManager( 1665): Start proc com.cooliris.media for broadcast com.cooliris.media/com.cooliris.cache.BootReceiver: pid=1996 uid=10024 gids={1015, 3003}
D/VoldCmdListener( 1576): share status ums
D/VoldCmdListener( 1576): share status ums
D/VoldCmdListener( 1576): share status ums
D/VoldCmdListener( 1576): share status ums
D/VoldCmdListener( 1576): share status ums
D/VoldCmdListener( 1576): share status ums
D/VoldCmdListener( 1576): share status ums
D/WifiWatchdogService( 1665): (android.server.ServerThread) G6 Network (20:c9:d0:27:83:d7) does not require the watchdog
D/VoldCmdListener( 1576): share status ums
D/VoldCmdListener( 1576): share status ums
D/VoldCmdListener( 1576): share status ums
D/VoldCmdListener( 1576): share status ums
D/VoldCmdListener( 1576): share status ums
D/VoldCmdListener( 1576): share status ums
D/VoldCmdListener( 1576): share status ums
D/VoldCmdListener( 1576): share status ums
D/VoldCmdListener( 1576): share status ums
D/VoldCmdListener( 1576): share status ums
D/VoldCmdListener( 1576): share status ums
D/VoldCmdListener( 1576): share status ums
D/VoldCmdListener( 1576): share status ums
D/VoldCmdListener( 1576): share status ums
D/VoldCmdListener( 1576): share status ums
D/VoldCmdListener( 1576): share status ums
D/VoldCmdListener( 1576): share status ums
D/VoldCmdListener( 1576): share status ums
D/VoldCmdListener( 1576): share status ums
D/VoldCmdListener( 1576): share status ums
D/VoldCmdListener( 1576): share status ums
D/VoldCmdListener( 1576): share status ums
D/VoldCmdListener( 1576): share status ums
D/VoldCmdListener( 1576): share status ums
D/VoldCmdListener( 1576): share status ums
D/VoldCmdListener( 1576): share status ums
D/VoldCmdListener( 1576): share status ums
D/VoldCmdListener( 1576): share status ums
D/VoldCmdListener( 1576): share status ums
D/VoldCmdListener( 1576): share status ums
D/VoldCmdListener( 1576): share status ums
D/VoldCmdListener( 1576): share status ums
D/VoldCmdListener( 1576): share status ums
D/VoldCmdListener( 1576): share status ums
D/VoldCmdListener( 1576): share status ums
D/VoldCmdListener( 1576): share status ums
D/VoldCmdListener( 1576): share status ums
D/VoldCmdListener( 1576): share status ums
D/VoldCmdListener( 1576): share status ums
D/VoldCmdListener( 1576): share status ums
V/WifiService( 1665): Sleep Policy: Hold wakelock successfully.
D/VoldCmdListener( 1576): share status ums
D/VoldCmdListener( 1576): share status ums
V/WifiService( 1665): Sleep Policy: Release wakelock successfully.
D/VoldCmdListener( 1576): share status ums
D/VoldCmdListener( 1576): share status ums
D/VoldCmdListener( 1576): share status ums
I/InputManager-Callbacks( 1665): No virtual keys found for device nt11004-touch.
D/VoldCmdListener( 1576): share status ums
D/VoldCmdListener( 1576): share status ums
W/ActivityManager( 1665): finishReceiver called but active receiver is different
I/ActivityManager( 1665): Start proc com.android.defcontainer for service com.android.defcontainer/.DefaultContainerService: pid=2135 uid=10030 gids={1015, 2001}
W/ActivityManager( 1665): No content provider found for: 
W/ActivityManager( 1665): No content provider found for: 
I/ActivityManager( 1665): Force stopping package com.rhomobile.rhospection uid=10066
W/PackageManager( 1665): Package com.rhomobile.rhospection desires unavailable shared library com.motorolasolutions.adc.usbscanner; ignoring!
I/PackageManager( 1665): Package com.rhomobile.rhospection codePath changed from /data/app/com.rhomobile.rhospection-1.apk to /data/app/com.rhomobile.rhospection-2.apk; Retaining data and using new
I/PackageManager( 1665): Unpacking native libraries for /data/app/com.rhomobile.rhospection-2.apk
W/PackageManager( 1665): Code path for pkg : com.rhomobile.rhospection changing from /data/app/com.rhomobile.rhospection-1.apk to /data/app/com.rhomobile.rhospection-2.apk
I/ActivityManager( 1665): Force stopping package com.rhomobile.rhospection uid=10066
W/PackageManager( 1665): Resource path for pkg : com.rhomobile.rhospection changing from /data/app/com.rhomobile.rhospection-1.apk to /data/app/com.rhomobile.rhospection-2.apk
W/PackageManager( 1665): Unknown permission android.webkit.permission.PLUGIN in package com.rhomobile.rhospection
W/PackageManager( 1665): Unknown permission android.permission.ACCESS_GPS in package com.rhomobile.rhospection
W/PackageManager( 1665): Unknown permission android.permission.ACCESS_LOCATION in package com.rhomobile.rhospection
W/PackageManager( 1665): Not granting permission android.permission.MODIFY_PHONE_STATE to package com.rhomobile.rhospection (protectionLevel=3 flags=0x8be44)
I/ActivityManager( 1665): Force stopping package com.rhomobile.rhospection uid=10066
I/ActivityManager( 1665): Start proc com.svox.pico for broadcast com.svox.pico/.VoiceDataInstallerReceiver: pid=2147 uid=10010 gids={}
W/RecognitionManagerService( 1665): no available voice recognition services found
I/ActivityManager( 1665): Start proc com.android.quicksearchbox for broadcast com.android.quicksearchbox/.CorporaUpdateReceiver: pid=2155 uid=10006 gids={3003}
I/ActivityManager( 1665): Starting: Intent { act=android.intent.action.MAIN flg=0x10000000 cmp=com.rhomobile.rhospection/com.rhomobile.rhodes.RhodesActivity } from pid 2165
I/ActivityManager( 1665): Start proc com.rhomobile.rhospection for activity com.rhomobile.rhospection/com.rhomobile.rhodes.RhodesActivity: pid=2173 uid=10066 gids={3003, 1006, 1015, 3002, 3001}
W/ActivityManager( 1665): No content provider found for: 
I/WindowManager( 1665): Setting rotation to 3, animFlags=0
I/ActivityManager( 1665): Config changed: { scale=1.0 imsi=0/0 loc=en_US touch=3 keys=1/1/2 nav=1/1 orien=2 layout=34 uiMode=17 seq=3}
I/WindowManager( 1665): Setting rotation to 0, animFlags=0
I/ActivityManager( 1665): Config changed: { scale=1.0 imsi=0/0 loc=en_US touch=3 keys=1/1/2 nav=1/1 orien=1 layout=34 uiMode=17 seq=4}
I/WindowManager( 1665): Setting rotation to 3, animFlags=0
I/ActivityManager( 1665): Config changed: { scale=1.0 imsi=0/0 loc=en_US touch=3 keys=1/1/2 nav=1/1 orien=2 layout=34 uiMode=17 seq=5}
I/WindowManager( 1665): Setting rotation to 0, animFlags=0
I/ActivityManager( 1665): Config changed: { scale=1.0 imsi=0/0 loc=en_US touch=3 keys=1/1/2 nav=1/1 orien=1 layout=34 uiMode=17 seq=6}
D/WifiWatchdogService( 1665): (android.server.ServerThread) G6 Network (20:c9:d0:27:83:d7) does not require the watchdog
I/WindowManager( 1665): Setting rotation to 1, animFlags=0
I/ActivityManager( 1665): Config changed: { scale=1.0 imsi=0/0 loc=en_US touch=3 keys=1/1/2 nav=1/1 orien=2 layout=34 uiMode=17 seq=7}
I/WindowManager( 1665): Setting rotation to 0, animFlags=0
I/ActivityManager( 1665): Config changed: { scale=1.0 imsi=0/0 loc=en_US touch=3 keys=1/1/2 nav=1/1 orien=1 layout=34 uiMode=17 seq=8}
I/WindowManager( 1665): Setting rotation to 1, animFlags=0
I/ActivityManager( 1665): Config changed: { scale=1.0 imsi=0/0 loc=en_US touch=3 keys=1/1/2 nav=1/1 orien=2 layout=34 uiMode=17 seq=9}
W/InputManagerService( 1665): Window already focused, ignoring focus gain of: com.android.internal.view.IInputMethodClient$Stub$Proxy@405c3eb8
W/InputManagerService( 1665): Window already focused, ignoring focus gain of: com.android.internal.view.IInputMethodClient$Stub$Proxy@4063e7e8
W/InputManagerService( 1665): Window already focused, ignoring focus gain of: com.android.internal.view.IInputMethodClient$Stub$Proxy@407d3480
I/WindowManager( 1665): Setting rotation to 0, animFlags=0
I/ActivityManager( 1665): Config changed: { scale=1.0 imsi=0/0 loc=en_US touch=3 keys=1/1/2 nav=1/1 orien=1 layout=34 uiMode=17 seq=10}
I/ActivityManager( 1665): No longer want com.motorolasolutions.software.multiusernotifier (pid 1878): hidden #16
I/ActivityManager( 1665): No longer want com.mot.cec.te (pid 1850): hidden #17
V/WifiService( 1665): Sleep Policy: Hold wakelock successfully.
D/WifiWatchdogService( 1665): (android.server.ServerThread) G6 Network (20:c9:d0:27:83:d7) does not require the watchdog
W/Vold    ( 1576): Ignoring unknown switch 'usb_connected'
W/Vold    ( 1576): Ignoring unknown switch 'usb_mass_storage'
D/Vold    ( 1576): USB disconnected
D/Vold    ( 1576): Share method ums now unavailable
I/StorageNotification( 1745): UMS connection changed to false (media state mounted)
E/PowerManagerService( 1665): mStayOnConditions: 0===:false
V/WifiService( 1665): Sleep Policy: Release wakelock successfully.
E/PowerManagerService( 1665): mStayOnConditions: 0===:false
W/Vold    ( 1576): Ignoring unknown switch 'usb_connected'
D/Vold    ( 1576): USB connected
D/Vold    ( 1576): Share method ums now available
W/Vold    ( 1576): Ignoring unknown switch 'usb_mass_storage'
I/StorageNotification( 1745): UMS connection changed to true (media state mounted)
D/VoldCmdListener( 1576): share status ums
D/VoldCmdListener( 1576): share status ums
D/VoldCmdListener( 1576): share status ums
D/VoldCmdListener( 1576): share status ums
D/VoldCmdListener( 1576): share status ums
D/VoldCmdListener( 1576): share status ums
D/VoldCmdListener( 1576): share status ums
D/VoldCmdListener( 1576): share status ums
D/VoldCmdListener( 1576): share status ums
D/VoldCmdListener( 1576): share status ums
D/VoldCmdListener( 1576): share status ums
D/VoldCmdListener( 1576): share status ums
D/VoldCmdListener( 1576): share status ums
D/VoldCmdListener( 1576): share status ums
D/VoldCmdListener( 1576): share status ums
D/VoldCmdListener( 1576): share status ums
D/VoldCmdListener( 1576): share status ums
D/VoldCmdListener( 1576): share status ums
D/VoldCmdListener( 1576): share status ums
D/VoldCmdListener( 1576): share status ums
D/VoldCmdListener( 1576): share status ums
D/VoldCmdListener( 1576): share status ums
D/VoldCmdListener( 1576): share status ums
D/VoldCmdListener( 1576): share status ums
D/VoldCmdListener( 1576): share status ums
D/VoldCmdListener( 1576): share status ums
D/VoldCmdListener( 1576): share status ums
D/VoldCmdListener( 1576): share status ums
D/VoldCmdListener( 1576): share status ums
D/VoldCmdListener( 1576): share status ums
D/VoldCmdListener( 1576): share status ums
D/VoldCmdListener( 1576): share status ums
D/VoldCmdListener( 1576): share status ums
D/VoldCmdListener( 1576): share status ums
D/VoldCmdListener( 1576): share status ums
D/VoldCmdListener( 1576): share status ums
D/VoldCmdListener( 1576): share status ums
D/VoldCmdListener( 1576): share status ums
D/VoldCmdListener( 1576): share status ums
D/VoldCmdListener( 1576): share status ums
D/VoldCmdListener( 1576): share status ums
D/VoldCmdListener( 1576): share status ums
D/VoldCmdListener( 1576): share status ums
D/VoldCmdListener( 1576): share status ums
D/VoldCmdListener( 1576): share status ums
D/VoldCmdListener( 1576): share status ums
D/VoldCmdListener( 1576): share status ums
D/VoldCmdListener( 1576): share status ums
D/VoldCmdListener( 1576): share status ums
D/VoldCmdListener( 1576): share status ums
D/VoldCmdListener( 1576): share status ums
D/VoldCmdListener( 1576): share status ums
D/VoldCmdListener( 1576): share status ums
D/VoldCmdListener( 1576): share status ums
D/VoldCmdListener( 1576): share status ums
D/VoldCmdListener( 1576): share status ums
D/VoldCmdListener( 1576): share status ums
D/VoldCmdListener( 1576): share status ums
D/VoldCmdListener( 1576): share status ums
D/VoldCmdListener( 1576): share status ums
D/VoldCmdListener( 1576): share status ums
D/VoldCmdListener( 1576): share status ums
D/VoldCmdListener( 1576): share status ums
D/VoldCmdListener( 1576): share status ums
D/VoldCmdListener( 1576): share status ums
D/VoldCmdListener( 1576): share status ums
D/VoldCmdListener( 1576): share status ums
D/VoldCmdListener( 1576): share status ums
D/VoldCmdListener( 1576): share status ums
D/VoldCmdListener( 1576): share status ums
D/VoldCmdListener( 1576): share status ums
D/VoldCmdListener( 1576): share status ums
D/VoldCmdListener( 1576): share status ums
D/VoldCmdListener( 1576): share status ums
D/VoldCmdListener( 1576): share status ums
D/VoldCmdListener( 1576): share status ums
D/VoldCmdListener( 1576): share status ums
D/VoldCmdListener( 1576): share status ums
D/VoldCmdListener( 1576): share status ums
D/VoldCmdListener( 1576): share status ums
D/VoldCmdListener( 1576): share status ums
D/VoldCmdListener( 1576): share status ums
D/VoldCmdListener( 1576): share status ums
D/VoldCmdListener( 1576): share status ums
D/VoldCmdListener( 1576): share status ums
D/VoldCmdListener( 1576): share status ums
D/VoldCmdListener( 1576): share status ums
D/VoldCmdListener( 1576): share status ums
D/VoldCmdListener( 1576): share status ums
D/VoldCmdListener( 1576): share status ums
D/VoldCmdListener( 1576): share status ums
D/VoldCmdListener( 1576): share status ums
D/VoldCmdListener( 1576): share status ums
D/VoldCmdListener( 1576): share status ums
D/VoldCmdListener( 1576): share status ums
D/VoldCmdListener( 1576): share status ums
D/VoldCmdListener( 1576): share status ums
D/VoldCmdListener( 1576): share status ums
D/VoldCmdListener( 1576): share status ums
D/VoldCmdListener( 1576): share status ums
D/VoldCmdListener( 1576): share status ums
D/VoldCmdListener( 1576): share status ums
D/VoldCmdListener( 1576): share status ums
D/VoldCmdListener( 1576): share status ums
D/VoldCmdListener( 1576): share status ums
D/VoldCmdListener( 1576): share status ums
D/VoldCmdListener( 1576): share status ums
D/VoldCmdListener( 1576): share status ums
D/VoldCmdListener( 1576): share status ums
D/VoldCmdListener( 1576): share status ums
D/VoldCmdListener( 1576): share status ums
D/VoldCmdListener( 1576): share status ums
D/VoldCmdListener( 1576): share status ums
D/VoldCmdListener( 1576): share status ums
D/VoldCmdListener( 1576): share status ums
D/VoldCmdListener( 1576): share status ums
D/VoldCmdListener( 1576): share status ums
D/VoldCmdListener( 1576): share status ums
D/VoldCmdListener( 1576): share status ums
D/VoldCmdListener( 1576): share status ums
D/VoldCmdListener( 1576): share status ums
D/VoldCmdListener( 1576): share status ums
D/VoldCmdListener( 1576): share status ums
D/VoldCmdListener( 1576): share status ums
D/VoldCmdListener( 1576): share status ums
D/VoldCmdListener( 1576): share status ums
D/VoldCmdListener( 1576): share status ums
D/VoldCmdListener( 1576): share status ums
D/VoldCmdListener( 1576): share status ums
D/VoldCmdListener( 1576): share status ums
D/VoldCmdListener( 1576): share status ums
D/VoldCmdListener( 1576): share status ums
D/VoldCmdListener( 1576): share status ums
D/VoldCmdListener( 1576): share status ums
D/VoldCmdListener( 1576): share status ums
D/VoldCmdListener( 1576): share status ums
D/VoldCmdListener( 1576): share status ums
D/VoldCmdListener( 1576): share status ums
D/VoldCmdListener( 1576): share status ums
D/VoldCmdListener( 1576): share status ums
D/VoldCmdListener( 1576): share status ums
D/VoldCmdListener( 1576): share status ums
D/VoldCmdListener( 1576): share status ums
D/VoldCmdListener( 1576): share status ums
D/VoldCmdListener( 1576): share status ums
D/VoldCmdListener( 1576): share status ums
D/VoldCmdListener( 1576): share status ums
D/VoldCmdListener( 1576): share status ums
D/VoldCmdListener( 1576): share status ums
D/VoldCmdListener( 1576): share status ums
D/VoldCmdListener( 1576): share status ums
D/VoldCmdListener( 1576): share status ums
D/VoldCmdListener( 1576): share status ums
D/VoldCmdListener( 1576): share status ums
D/VoldCmdListener( 1576): share status ums
D/VoldCmdListener( 1576): share status ums
D/VoldCmdListener( 1576): share status ums
D/VoldCmdListener( 1576): share status ums
D/VoldCmdListener( 1576): share status ums
D/VoldCmdListener( 1576): share status ums
D/VoldCmdListener( 1576): share status ums
D/VoldCmdListener( 1576): share status ums
D/VoldCmdListener( 1576): share status ums
D/VoldCmdListener( 1576): share status ums
D/VoldCmdListener( 1576): share status ums
D/VoldCmdListener( 1576): share status ums
D/VoldCmdListener( 1576): share status ums
D/VoldCmdListener( 1576): share status ums
D/VoldCmdListener( 1576): share status ums
D/VoldCmdListener( 1576): share status ums
D/VoldCmdListener( 1576): share status ums
D/VoldCmdListener( 1576): share status ums
D/VoldCmdListener( 1576): share status ums
D/VoldCmdListener( 1576): share status ums
D/VoldCmdListener( 1576): share status ums
D/VoldCmdListener( 1576): share status ums
D/VoldCmdListener( 1576): share status ums
D/VoldCmdListener( 1576): share status ums
D/VoldCmdListener( 1576): share status ums
D/VoldCmdListener( 1576): share status ums
D/VoldCmdListener( 1576): share status ums
D/VoldCmdListener( 1576): share status ums
D/VoldCmdListener( 1576): share status ums
D/VoldCmdListener( 1576): share status ums
D/VoldCmdListener( 1576): share status ums
D/VoldCmdListener( 1576): share status ums
D/VoldCmdListener( 1576): share status ums
D/VoldCmdListener( 1576): share status ums
D/VoldCmdListener( 1576): share status ums
D/VoldCmdListener( 1576): share status ums
D/VoldCmdListener( 1576): share status ums
D/VoldCmdListener( 1576): share status ums
D/VoldCmdListener( 1576): share status ums
D/VoldCmdListener( 1576): share status ums
D/VoldCmdListener( 1576): share status ums
D/VoldCmdListener( 1576): share status ums
D/VoldCmdListener( 1576): share status ums
D/VoldCmdListener( 1576): share status ums
D/VoldCmdListener( 1576): share status ums
D/VoldCmdListener( 1576): share status ums
D/VoldCmdListener( 1576): share status ums
D/VoldCmdListener( 1576): share status ums
D/VoldCmdListener( 1576): share status ums
D/VoldCmdListener( 1576): share status ums
D/VoldCmdListener( 1576): share status ums
D/VoldCmdListener( 1576): share status ums
D/VoldCmdListener( 1576): share status ums
D/VoldCmdListener( 1576): share status ums
D/VoldCmdListener( 1576): share status ums
D/VoldCmdListener( 1576): share status ums
D/VoldCmdListener( 1576): share status ums
D/VoldCmdListener( 1576): share status ums
D/VoldCmdListener( 1576): share status ums
D/VoldCmdListener( 1576): share status ums
D/VoldCmdListener( 1576): share status ums
D/VoldCmdListener( 1576): share status ums
D/VoldCmdListener( 1576): share status ums
D/VoldCmdListener( 1576): share status ums
D/VoldCmdListener( 1576): share status ums
D/VoldCmdListener( 1576): share status ums
D/VoldCmdListener( 1576): share status ums
D/VoldCmdListener( 1576): share status ums
D/VoldCmdListener( 1576): share status ums
D/VoldCmdListener( 1576): share status ums
D/VoldCmdListener( 1576): share status ums
D/VoldCmdListener( 1576): share status ums
D/VoldCmdListener( 1576): share status ums
D/VoldCmdListener( 1576): share status ums
D/VoldCmdListener( 1576): share status ums
D/VoldCmdListener( 1576): share status ums
D/VoldCmdListener( 1576): share status ums
D/VoldCmdListener( 1576): share status ums
D/VoldCmdListener( 1576): share status ums
D/VoldCmdListener( 1576): share status ums
D/VoldCmdListener( 1576): share status ums
D/VoldCmdListener( 1576): share status ums
D/VoldCmdListener( 1576): share status ums
D/VoldCmdListener( 1576): share status ums
D/VoldCmdListener( 1576): share status ums
D/VoldCmdListener( 1576): share status ums
D/VoldCmdListener( 1576): share status ums
D/VoldCmdListener( 1576): share status ums
D/VoldCmdListener( 1576): share status ums
D/VoldCmdListener( 1576): share status ums
D/VoldCmdListener( 1576): share status ums
D/VoldCmdListener( 1576): share status ums
D/VoldCmdListener( 1576): share status ums
D/VoldCmdListener( 1576): share status ums
D/VoldCmdListener( 1576): share status ums
D/VoldCmdListener( 1576): share status ums
D/VoldCmdListener( 1576): share status ums
D/VoldCmdListener( 1576): share status ums
D/VoldCmdListener( 1576): share status ums
D/VoldCmdListener( 1576): share status ums
D/VoldCmdListener( 1576): share status ums
D/VoldCmdListener( 1576): share status ums
D/VoldCmdListener( 1576): share status ums
D/VoldCmdListener( 1576): share status ums
D/VoldCmdListener( 1576): share status ums
D/VoldCmdListener( 1576): share status ums
D/VoldCmdListener( 1576): share status ums
D/VoldCmdListener( 1576): share status ums
D/VoldCmdListener( 1576): share status ums
D/VoldCmdListener( 1576): share status ums
D/VoldCmdListener( 1576): share status ums
D/VoldCmdListener( 1576): share status ums
D/VoldCmdListener( 1576): share status ums
D/VoldCmdListener( 1576): share status ums
D/VoldCmdListener( 1576): share status ums
D/VoldCmdListener( 1576): share status ums
D/VoldCmdListener( 1576): share status ums
D/VoldCmdListener( 1576): share status ums
D/VoldCmdListener( 1576): share status ums
D/VoldCmdListener( 1576): share status ums
D/VoldCmdListener( 1576): share status ums
D/VoldCmdListener( 1576): share status ums
D/VoldCmdListener( 1576): share status ums
D/VoldCmdListener( 1576): share status ums
D/VoldCmdListener( 1576): share status ums
D/VoldCmdListener( 1576): share status ums
D/VoldCmdListener( 1576): share status ums
D/VoldCmdListener( 1576): share status ums
D/VoldCmdListener( 1576): share status ums
D/VoldCmdListener( 1576): share status ums
D/VoldCmdListener( 1576): share status ums
D/VoldCmdListener( 1576): share status ums
D/VoldCmdListener( 1576): share status ums
D/VoldCmdListener( 1576): share status ums
D/VoldCmdListener( 1576): share status ums
D/VoldCmdListener( 1576): share status ums
W/InputManagerService( 1665): Window already focused, ignoring focus gain of: com.android.internal.view.IInputMethodClient$Stub$Proxy@4067a8e8
D/VoldCmdListener( 1576): share status ums
W/InputManagerService( 1665): Window already focused, ignoring focus gain of: com.android.internal.view.IInputMethodClient$Stub$Proxy@4073cbb8
I/ActivityManager( 1665): No longer want com.motorola.msp (pid 1886): hidden #16
E/ActivityThread( 2173): Service com.rhomobile.rhodes.RhodesService has leaked IntentReceiver com.rhomobile.rhodes.ConnectionChangeReceiver@405b7b40 that was originally registered here. Are you missing a call to unregisterReceiver()?
E/ActivityThread( 2173): android.app.IntentReceiverLeaked: Service com.rhomobile.rhodes.RhodesService has leaked IntentReceiver com.rhomobile.rhodes.ConnectionChangeReceiver@405b7b40 that was originally registered here. Are you missing a call to unregisterReceiver()?
E/ActivityThread( 2173): 	at android.app.LoadedApk$ReceiverDispatcher.<init>(LoadedApk.java:756)
E/ActivityThread( 2173): 	at android.app.LoadedApk.getReceiverDispatcher(LoadedApk.java:551)
E/ActivityThread( 2173): 	at android.app.ContextImpl.registerReceiverInternal(ContextImpl.java:807)
E/ActivityThread( 2173): 	at android.app.ContextImpl.registerReceiver(ContextImpl.java:794)
E/ActivityThread( 2173): 	at android.app.ContextImpl.registerReceiver(ContextImpl.java:788)
E/ActivityThread( 2173): 	at android.content.ContextWrapper.registerReceiver(ContextWrapper.java:318)
E/ActivityThread( 2173): 	at com.rhomobile.rhodes.RhodesService.onCreate(RhodesService.java:340)
E/ActivityThread( 2173): 	at android.app.ActivityThread.handleCreateService(ActivityThread.java:1945)
E/ActivityThread( 2173): 	at android.app.ActivityThread.access$2500(ActivityThread.java:117)
E/ActivityThread( 2173): 	at android.app.ActivityThread$H.handleMessage(ActivityThread.java:985)
E/ActivityThread( 2173): 	at android.os.Handler.dispatchMessage(Handler.java:99)
E/ActivityThread( 2173): 	at android.os.Looper.loop(Looper.java:130)
E/ActivityThread( 2173): 	at android.app.ActivityThread.main(ActivityThread.java:3683)
E/ActivityThread( 2173): 	at java.lang.reflect.Method.invokeNative(Native Method)
E/ActivityThread( 2173): 	at java.lang.reflect.Method.invoke(Method.java:507)
E/ActivityThread( 2173): 	at com.android.internal.os.ZygoteInit$MethodAndArgsCaller.run(ZygoteInit.java:839)
E/ActivityThread( 2173): 	at com.android.internal.os.ZygoteInit.main(ZygoteInit.java:597)
E/ActivityThread( 2173): 	at dalvik.system.NativeStart.main(Native Method)
I/ActivityManager( 1665): Process com.rhomobile.rhospection (pid 2173) has died.
W/ActivityManager( 1665): No content provider found for: 
W/ActivityManager( 1665): No content provider found for: 
I/ActivityManager( 1665): Force stopping package com.rhomobile.rhospection uid=10066
W/PackageManager( 1665): Package com.rhomobile.rhospection desires unavailable shared library com.motorolasolutions.adc.usbscanner; ignoring!
I/PackageManager( 1665): Package com.rhomobile.rhospection codePath changed from /data/app/com.rhomobile.rhospection-2.apk to /data/app/com.rhomobile.rhospection-1.apk; Retaining data and using new
I/PackageManager( 1665): Unpacking native libraries for /data/app/com.rhomobile.rhospection-1.apk
I/ActivityManager( 1665): Force stopping package com.rhomobile.rhospection uid=10066
W/PackageManager( 1665): Code path for pkg : com.rhomobile.rhospection changing from /data/app/com.rhomobile.rhospection-2.apk to /data/app/com.rhomobile.rhospection-1.apk
W/PackageManager( 1665): Resource path for pkg : com.rhomobile.rhospection changing from /data/app/com.rhomobile.rhospection-2.apk to /data/app/com.rhomobile.rhospection-1.apk
W/PackageManager( 1665): Unknown permission android.webkit.permission.PLUGIN in package com.rhomobile.rhospection
W/PackageManager( 1665): Unknown permission android.permission.ACCESS_GPS in package com.rhomobile.rhospection
W/PackageManager( 1665): Unknown permission android.permission.ACCESS_LOCATION in package com.rhomobile.rhospection
W/PackageManager( 1665): Not granting permission android.permission.MODIFY_PHONE_STATE to package com.rhomobile.rhospection (protectionLevel=3 flags=0x8be44)
I/ActivityManager( 1665): Force stopping package com.rhomobile.rhospection uid=10066
W/RecognitionManagerService( 1665): no available voice recognition services found
I/ActivityManager( 1665): Starting: Intent { act=android.intent.action.MAIN flg=0x10000000 cmp=com.rhomobile.rhospection/com.rhomobile.rhodes.RhodesActivity } from pid 4059
I/ActivityManager( 1665): Start proc com.rhomobile.rhospection for activity com.rhomobile.rhospection/com.rhomobile.rhodes.RhodesActivity: pid=4068 uid=10066 gids={3003, 1006, 1015, 3002, 3001}
W/ActivityManager( 1665): No content provider found for: 
W/InputManagerService( 1665): Window already focused, ignoring focus gain of: com.android.internal.view.IInputMethodClient$Stub$Proxy@40676620
E/ActivityThread( 4068): Service com.rhomobile.rhodes.RhodesService has leaked IntentReceiver com.rhomobile.rhodes.ConnectionChangeReceiver@405c25d8 that was originally registered here. Are you missing a call to unregisterReceiver()?
E/ActivityThread( 4068): android.app.IntentReceiverLeaked: Service com.rhomobile.rhodes.RhodesService has leaked IntentReceiver com.rhomobile.rhodes.ConnectionChangeReceiver@405c25d8 that was originally registered here. Are you missing a call to unregisterReceiver()?
E/ActivityThread( 4068): 	at android.app.LoadedApk$ReceiverDispatcher.<init>(LoadedApk.java:756)
E/ActivityThread( 4068): 	at android.app.LoadedApk.getReceiverDispatcher(LoadedApk.java:551)
E/ActivityThread( 4068): 	at android.app.ContextImpl.registerReceiverInternal(ContextImpl.java:807)
E/ActivityThread( 4068): 	at android.app.ContextImpl.registerReceiver(ContextImpl.java:794)
E/ActivityThread( 4068): 	at android.app.ContextImpl.registerReceiver(ContextImpl.java:788)
E/ActivityThread( 4068): 	at android.content.ContextWrapper.registerReceiver(ContextWrapper.java:318)
E/ActivityThread( 4068): 	at com.rhomobile.rhodes.RhodesService.onCreate(RhodesService.java:340)
E/ActivityThread( 4068): 	at android.app.ActivityThread.handleCreateService(ActivityThread.java:1945)
E/ActivityThread( 4068): 	at android.app.ActivityThread.access$2500(ActivityThread.java:117)
E/ActivityThread( 4068): 	at android.app.ActivityThread$H.handleMessage(ActivityThread.java:985)
E/ActivityThread( 4068): 	at android.os.Handler.dispatchMessage(Handler.java:99)
E/ActivityThread( 4068): 	at android.os.Looper.loop(Looper.java:130)
E/ActivityThread( 4068): 	at android.app.ActivityThread.main(ActivityThread.java:3683)
E/ActivityThread( 4068): 	at java.lang.reflect.Method.invokeNative(Native Method)
E/ActivityThread( 4068): 	at java.lang.reflect.Method.invoke(Method.java:507)
E/ActivityThread( 4068): 	at com.android.internal.os.ZygoteInit$MethodAndArgsCaller.run(ZygoteInit.java:839)
E/ActivityThread( 4068): 	at com.android.internal.os.ZygoteInit.main(ZygoteInit.java:597)
E/ActivityThread( 4068): 	at dalvik.system.NativeStart.main(Native Method)
I/ActivityManager( 1665): Process com.rhomobile.rhospection (pid 4068) has died.
D/WifiWatchdogService( 1665): (android.server.ServerThread) G6 Network (20:c9:d0:27:83:d7) does not require the watchdog
W/ActivityManager( 1665): No content provider found for: 
W/ActivityManager( 1665): No content provider found for: 
I/ActivityManager( 1665): Force stopping package com.rhomobile.rhospection uid=10066
W/PackageManager( 1665): Package com.rhomobile.rhospection desires unavailable shared library com.motorolasolutions.adc.usbscanner; ignoring!
I/PackageManager( 1665): Package com.rhomobile.rhospection codePath changed from /data/app/com.rhomobile.rhospection-1.apk to /data/app/com.rhomobile.rhospection-2.apk; Retaining data and using new
I/PackageManager( 1665): Unpacking native libraries for /data/app/com.rhomobile.rhospection-2.apk
I/ActivityManager( 1665): Force stopping package com.rhomobile.rhospection uid=10066
W/PackageManager( 1665): Code path for pkg : com.rhomobile.rhospection changing from /data/app/com.rhomobile.rhospection-1.apk to /data/app/com.rhomobile.rhospection-2.apk
W/PackageManager( 1665): Resource path for pkg : com.rhomobile.rhospection changing from /data/app/com.rhomobile.rhospection-1.apk to /data/app/com.rhomobile.rhospection-2.apk
W/PackageManager( 1665): Unknown permission android.webkit.permission.PLUGIN in package com.rhomobile.rhospection
W/PackageManager( 1665): Unknown permission android.permission.ACCESS_GPS in package com.rhomobile.rhospection
W/PackageManager( 1665): Unknown permission android.permission.ACCESS_LOCATION in package com.rhomobile.rhospection
W/PackageManager( 1665): Not granting permission android.permission.MODIFY_PHONE_STATE to package com.rhomobile.rhospection (protectionLevel=3 flags=0x8be44)
I/ActivityManager( 1665): Force stopping package com.rhomobile.rhospection uid=10066
